Component: ARM Compiler 5.06 update 7 (build 960) Tool: armlink [4d3601]

==============================================================================

Section Cross References

    startup_stm32f10x_md.o(RESET) refers to startup_stm32f10x_md.o(STACK) for __initial_sp
    startup_stm32f10x_md.o(RESET) refers to startup_stm32f10x_md.o(.text) for Reset_Handler
    startup_stm32f10x_md.o(RESET) refers to stm32f10x_it.o(i.NMI_Handler) for NMI_Handler
    startup_stm32f10x_md.o(RESET) refers to stm32f10x_it.o(i.HardFault_Handler) for HardFault_Handler
    startup_stm32f10x_md.o(RESET) refers to stm32f10x_it.o(i.MemManage_Handler) for MemManage_Handler
    startup_stm32f10x_md.o(RESET) refers to stm32f10x_it.o(i.BusFault_Handler) for BusFault_Handler
    startup_stm32f10x_md.o(RESET) refers to stm32f10x_it.o(i.UsageFault_Handler) for UsageFault_Handler
    startup_stm32f10x_md.o(RESET) refers to port.o(.emb_text) for SVC_Handler
    startup_stm32f10x_md.o(RESET) refers to stm32f10x_it.o(i.DebugMon_Handler) for DebugMon_Handler
    startup_stm32f10x_md.o(RESET) refers to stm32f10x_it.o(i.SysTick_Handler) for SysTick_Handler
    startup_stm32f10x_md.o(RESET) refers to usart.o(i.USART1_IRQHandler) for USART1_IRQHandler
    startup_stm32f10x_md.o(.text) refers to system_stm32f10x.o(i.SystemInit) for SystemInit
    startup_stm32f10x_md.o(.text) refers to entry.o(.ARM.Collect$$$$00000000) for __main
    stm32f10x_gpio.o(i.GPIO_AFIODeInit) refers to stm32f10x_rcc.o(i.RCC_APB2PeriphResetCmd) for RCC_APB2PeriphResetCmd
    stm32f10x_gpio.o(i.GPIO_DeInit) refers to stm32f10x_rcc.o(i.RCC_APB2PeriphResetCmd) for RCC_APB2PeriphResetCmd
    stm32f10x_rcc.o(i.RCC_GetClocksFreq) refers to stm32f10x_rcc.o(.data) for APBAHBPrescTable
    stm32f10x_rcc.o(i.RCC_WaitForHSEStartUp) refers to stm32f10x_rcc.o(i.RCC_GetFlagStatus) for RCC_GetFlagStatus
    stm32f10x_tim.o(i.TIM_DeInit) refers to stm32f10x_rcc.o(i.RCC_APB2PeriphResetCmd) for RCC_APB2PeriphResetCmd
    stm32f10x_tim.o(i.TIM_DeInit) refers to stm32f10x_rcc.o(i.RCC_APB1PeriphResetCmd) for RCC_APB1PeriphResetCmd
    stm32f10x_tim.o(i.TIM_ETRClockMode1Config) refers to stm32f10x_tim.o(i.TIM_ETRConfig) for TIM_ETRConfig
    stm32f10x_tim.o(i.TIM_ETRClockMode2Config) refers to stm32f10x_tim.o(i.TIM_ETRConfig) for TIM_ETRConfig
    stm32f10x_tim.o(i.TIM_ICInit) refers to stm32f10x_tim.o(i.TI1_Config) for TI1_Config
    stm32f10x_tim.o(i.TIM_ICInit) refers to stm32f10x_tim.o(i.TIM_SetIC1Prescaler) for TIM_SetIC1Prescaler
    stm32f10x_tim.o(i.TIM_ICInit) refers to stm32f10x_tim.o(i.TI2_Config) for TI2_Config
    stm32f10x_tim.o(i.TIM_ICInit) refers to stm32f10x_tim.o(i.TIM_SetIC2Prescaler) for TIM_SetIC2Prescaler
    stm32f10x_tim.o(i.TIM_ICInit) refers to stm32f10x_tim.o(i.TI3_Config) for TI3_Config
    stm32f10x_tim.o(i.TIM_ICInit) refers to stm32f10x_tim.o(i.TIM_SetIC3Prescaler) for TIM_SetIC3Prescaler
    stm32f10x_tim.o(i.TIM_ICInit) refers to stm32f10x_tim.o(i.TI4_Config) for TI4_Config
    stm32f10x_tim.o(i.TIM_ICInit) refers to stm32f10x_tim.o(i.TIM_SetIC4Prescaler) for TIM_SetIC4Prescaler
    stm32f10x_tim.o(i.TIM_ITRxExternalClockConfig) refers to stm32f10x_tim.o(i.TIM_SelectInputTrigger) for TIM_SelectInputTrigger
    stm32f10x_tim.o(i.TIM_PWMIConfig) refers to stm32f10x_tim.o(i.TI1_Config) for TI1_Config
    stm32f10x_tim.o(i.TIM_PWMIConfig) refers to stm32f10x_tim.o(i.TIM_SetIC1Prescaler) for TIM_SetIC1Prescaler
    stm32f10x_tim.o(i.TIM_PWMIConfig) refers to stm32f10x_tim.o(i.TI2_Config) for TI2_Config
    stm32f10x_tim.o(i.TIM_PWMIConfig) refers to stm32f10x_tim.o(i.TIM_SetIC2Prescaler) for TIM_SetIC2Prescaler
    stm32f10x_tim.o(i.TIM_TIxExternalClockConfig) refers to stm32f10x_tim.o(i.TI2_Config) for TI2_Config
    stm32f10x_tim.o(i.TIM_TIxExternalClockConfig) refers to stm32f10x_tim.o(i.TI1_Config) for TI1_Config
    stm32f10x_tim.o(i.TIM_TIxExternalClockConfig) refers to stm32f10x_tim.o(i.TIM_SelectInputTrigger) for TIM_SelectInputTrigger
    stm32f10x_usart.o(i.USART_DeInit) refers to stm32f10x_rcc.o(i.RCC_APB2PeriphResetCmd) for RCC_APB2PeriphResetCmd
    stm32f10x_usart.o(i.USART_DeInit) refers to stm32f10x_rcc.o(i.RCC_APB1PeriphResetCmd) for RCC_APB1PeriphResetCmd
    stm32f10x_usart.o(i.USART_Init) refers to stm32f10x_rcc.o(i.RCC_GetClocksFreq) for RCC_GetClocksFreq
    system_stm32f10x.o(i.SetSysClock) refers to system_stm32f10x.o(i.SetSysClockTo72) for SetSysClockTo72
    system_stm32f10x.o(i.SystemCoreClockUpdate) refers to system_stm32f10x.o(.data) for SystemCoreClock
    system_stm32f10x.o(i.SystemInit) refers to system_stm32f10x.o(i.SetSysClock) for SetSysClock
    led.o(i.LED_Init) refers to stm32f10x_rcc.o(i.RCC_APB2PeriphClockCmd) for RCC_APB2PeriphClockCmd
    led.o(i.LED_Init) refers to stm32f10x_gpio.o(i.GPIO_Init) for GPIO_Init
    led.o(i.LED_Init) refers to stm32f10x_gpio.o(i.GPIO_SetBits) for GPIO_SetBits
    oled.o(i.OLED_Clear) refers to oled.o(i.OLED_SetCursor) for OLED_SetCursor
[...]
    Removing oled.o(i.OLED_ShowChar), (116 bytes).
    Removing oled.o(i.OLED_ShowHexNum), (84 bytes).
    Removing oled.o(i.OLED_ShowNum), (68 bytes).
    Removing oled.o(i.OLED_ShowSignedNum), (102 bytes).
    Removing oled.o(i.OLED_ShowString), (40 bytes).
    Removing oled.o(.constdata), (1520 bytes).
    Removing systick.o(i.Delay_xms), (24 bytes).
    Removing sys.o(.emb_text), (6 bytes).
    Removing sys.o(i.INTX_DISABLE), (4 bytes).
    Removing sys.o(i.INTX_ENABLE), (4 bytes).
    Removing sys.o(i.WFI_SET), (4 bytes).
    Removing event_groups.o(i.prvTestWaitCondition), (30 bytes).
    Removing event_groups.o(i.vEventGroupClearBitsCallback), (16 bytes).
    Removing event_groups.o(i.vEventGroupDelete), (112 bytes).
    Removing event_groups.o(i.vEventGroupSetBitsCallback), (16 bytes).
    Removing event_groups.o(i.xEventGroupClearBits), (112 bytes).
    Removing event_groups.o(i.xEventGroupCreate), (26 bytes).
    Removing event_groups.o(i.xEventGroupGetBitsFromISR), (44 bytes).
    Removing event_groups.o(i.xEventGroupSetBits), (228 bytes).
    Removing event_groups.o(i.xEventGroupSync), (272 bytes).
    Removing event_groups.o(i.xEventGroupWaitBits), (340 bytes).
    Removing queue.o(i.pcQueueGetName), (44 bytes).
    Removing queue.o(i.prvInitialiseNewQueue), (38 bytes).
    Removing queue.o(i.uxQueueMessagesWaiting), (68 bytes).
    Removing queue.o(i.uxQueueMessagesWaitingFromISR), (60 bytes).
    Removing queue.o(i.uxQueueSpacesAvailable), (76 bytes).
    Removing queue.o(i.vQueueAddToRegistry), (44 bytes).
    Removing queue.o(i.vQueueDelete), (72 bytes).
    Removing queue.o(i.vQueueUnregisterQueue), (48 bytes).
    Removing queue.o(i.xQueueGenericCreate), (116 bytes).
    Removing queue.o(i.xQueueGenericReset), (176 bytes).
    Removing queue.o(i.xQueueGenericSendFromISR), (256 bytes).
    Removing queue.o(i.xQueueGiveFromISR), (232 bytes).
    Removing queue.o(i.xQueueIsQueueEmptyFromISR), (68 bytes).
    Removing queue.o(i.xQueueIsQueueFullFromISR), (72 bytes).
    Removing queue.o(i.xQueuePeekFromISR), (184 bytes).
    Removing queue.o(i.xQueueReceiveFromISR), (220 bytes).
    Removing queue.o(.bss), (80 bytes).
    Removing tasks.o(i.eTaskGetState), (160 bytes).
    Removing tasks.o(i.pcTaskGetName), (76 bytes).
    Removing tasks.o(i.prvTaskIsTaskSuspended), (116 bytes).
    Removing tasks.o(i.ulTaskNotifyTake), (116 bytes).
    Removing tasks.o(i.uxTaskGetNumberOfTasks), (12 bytes).
    Removing tasks.o(i.uxTaskPriorityGet), (36 bytes).
    Removing tasks.o(i.uxTaskPriorityGetFromISR), (68 bytes).
    Removing tasks.o(i.uxTaskResetEventItemValue), (28 bytes).
    Removing tasks.o(i.vTaskDelayUntil), (220 bytes).
    Removing tasks.o(i.vTaskEndScheduler), (36 bytes).
    Removing tasks.o(i.vTaskNotifyGiveFromISR), (256 bytes).
    Removing tasks.o(i.vTaskPlaceOnUnorderedEventList), (124 bytes).
    Removing tasks.o(i.vTaskPrioritySet), (292 bytes).
    Removing tasks.o(i.vTaskResume), (172 bytes).
    Removing tasks.o(i.vTaskSuspend), (256 bytes).
    Removing tasks.o(i.xTaskGenericNotify), (276 bytes).
    Removing tasks.o(i.xTaskGenericNotifyFromISR), (340 bytes).
    Removing tasks.o(i.xTaskGetTickCount), (12 bytes).
    Removing tasks.o(i.xTaskGetTickCountFromISR), (20 bytes).
    Removing tasks.o(i.xTaskNotifyStateClear), (52 bytes).
    Removing tasks.o(i.xTaskNotifyWait), (160 bytes).
    Removing tasks.o(i.xTaskRemoveFromUnorderedEventList), (192 bytes).
    Removing tasks.o(i.xTaskResumeFromISR), (204 bytes).
    Removing heap_4.o(i.vPortInitialiseBlocks), (2 bytes).
    Removing heap_4.o(i.xPortGetFreeHeapSize), (12 bytes).
    Removing heap_4.o(i.xPortGetMinimumEverFreeHeapSize), (12 bytes).
    Removing port.o(i.vPortEndScheduler), (96 bytes).
    Removing port.o(i.vPortValidateInterruptPriority), (156 bytes).
    Removing action.o(i.AdvanceMove), (140 bytes).
    Removing action.o(i.AdvanceSingleWalk), (612 bytes).
    Removing action.o(i.CrouchDown), (56 bytes).
    Removing action.o(i.CrouchMove), (60 bytes).
    Removing action.o(i.CrouchUp), (56 bytes).
    Removing action.o(i._Meanwhile_Advance_Move), (136 bytes).
    Removing action.o(i._move_Toleg), (44 bytes).
    Removing rotation.o(i.Roration_place), (56 bytes).
    Removing rotation.o(.data), (6 bytes).
    Removing turn.o(i.Turn_func), (2 bytes).
    Removing turn.o(.data), (18 bytes).
    Removing wavygait.o(i.Wavy_Gait_Advance_Move), (104 bytes).
    Removing wavygait.o(i.move_wavygait), (52 bytes).
    Removing wavygait.o(.data), (36 bytes).
    Removing motor.o(i.Motor_Init), (48 bytes).
    Removing motor.o(i.Motor_SetSpeed), (64 bytes).
    Removing pwm.o(i.PWM_Init), (160 bytes).
    Removing servo.o(i.Servo_Init), (8 bytes).
    Removing tb6612.o(i.PWM_Camera_Init), (148 bytes).
    Removing tb6612.o(i.PWM_SetCompare3), (16 bytes).
    Removing dfixul.o(.text), (48 bytes).

251 unused section(s) (total 17092 bytes) removed from the image.

==============================================================================

Image Symbol Table

    Local Symbols

    Symbol Name                              Value     Ov Type        Size  Object(Section)

    ../clib/microlib/division.c              0x00000000   Number         0  uldiv.o ABSOLUTE
    ../clib/microlib/division.c              0x00000000   Number         0  uidiv.o ABSOLUTE
    ../clib/microlib/init/entry.s            0x00000000   Number         0  entry10a.o ABSOLUTE
    ../clib/microlib/init/entry.s            0x00000000   Number         0  entry9b.o ABSOLUTE
    ../clib/microlib/init/entry.s            0x00000000   Number         0  entry11b.o ABSOLUTE
    ../clib/microlib/init/entry.s            0x00000000   Number         0  entry9a.o ABSOLUTE
    ../clib/microlib/init/entry.s            0x00000000   Number         0  entry11a.o ABSOLUTE
    ../clib/microlib/init/entry.s            0x00000000   Number         0  entry2.o ABSOLUTE
    ../clib/microlib/init/entry.s            0x00000000   Number         0  entry10b.o ABSOLUTE
    ../clib/microlib/init/entry.s            0x00000000   Number         0  entry5.o ABSOLUTE
    ../clib/microlib/init/entry.s            0x00000000   Number         0  entry.o ABSOLUTE
    ../clib/microlib/init/entry.s            0x00000000   Number         0  entry7a.o ABSOLUTE
    ../clib/microlib/init/entry.s            0x00000000   Number         0  entry7b.o ABSOLUTE
    ../clib/microlib/init/entry.s            0x00000000   Number         0  entry12b.o ABSOLUTE
    ../clib/microlib/init/entry.s            0x00000000   Number         0  entry8a.o ABSOLUTE
    ../clib/microlib/init/entry.s            0x00000000   Number         0  entry12a.o ABSOLUTE
    ../clib/microlib/init/entry.s            0x00000000   Number         0  entry8b.o ABSOLUTE
    ../clib/microlib/longlong.c              0x00000000   Number         0  llushr.o ABSOLUTE
    ../clib/microlib/longlong.c              0x00000000   Number         0  llshl.o ABSOLUTE
    ../clib/microlib/longlong.c              0x00000000   Number         0  llsshr.o ABSOLUTE
    ../clib/microlib/printf/printf.c         0x00000000   Number         0  printf1.o ABSOLUTE
    ../clib/microlib/printf/printf.c         0x00000000   Number         0  printfa.o ABSOLUTE
    ../clib/microlib/printf/printf.c         0x00000000   Number         0  printf7.o ABSOLUTE
    ../clib/microlib/printf/printf.c         0x00000000   Number         0  printf4.o ABSOLUTE
    ../clib/microlib/printf/printf.c         0x00000000   Number         0  printf3.o ABSOLUTE
    ../clib/microlib/printf/printf.c         0x00000000   Number         0  printf6.o ABSOLUTE
    ../clib/microlib/printf/printf.c         0x00000000   Number         0  printf5.o ABSOLUTE
    ../clib/microlib/printf/printf.c         0x00000000   Number         0  printf8.o ABSOLUTE
    ../clib/microlib/printf/printf.c         0x00000000   Number         0  printf2.o ABSOLUTE
    ../clib/microlib/printf/printf.c         0x00000000   Number         0  printfb.o ABSOLUTE
    ../clib/microlib/printf/printf.c         0x00000000   Number         0  printf0.o ABSOLUTE
    ../clib/microlib/printf/stubs.s          0x00000000   Number         0  stubs.o ABSOLUTE
    ../clib/microlib/stdio/streams.c         0x00000000   Number         0  stdout.o ABSOLUTE
    ../clib/microlib/string/memcpy.c         0x00000000   Number         0  memcpya.o ABSOLUTE
    ../clib/microlib/string/memcpy.c         0x00000000   Number         0  memcpyb.o ABSOLUTE
    ../clib/microlib/stubs.s                 0x00000000   Number         0  iusefp.o ABSOLUTE
    ../fplib/microlib/f2d.c                  0x00000000   Number         0  f2d.o ABSOLUTE
    ../fplib/microlib/fpadd.c                0x00000000   Number         0  dadd.o ABSOLUTE
    ../fplib/microlib/fpadd.c                0x00000000   Number         0  fadd.o ABSOLUTE
    ../fplib/microlib/fpdiv.c                0x00000000   Number         0  ddiv.o ABSOLUTE
    ../fplib/microlib/fpdiv.c                0x00000000   Number         0  fdiv.o ABSOLUTE
    ../fplib/microlib/fpepilogue.c           0x00000000   Number         0  depilogue.o ABSOLUTE
    ../fplib/microlib/fpepilogue.c           0x00000000   Number         0  fepilogue.o ABSOLUTE
    ../fplib/microlib/fpfix.c                0x00000000   Number         0  ffixui.o ABSOLUTE
    ../fplib/microlib/fpfix.c                0x00000000   Number         0  dfixui.o ABSOLUTE
    ../fplib/microlib/fpfix.c                0x00000000   Number         0  dfixul.o ABSOLUTE
    ../fplib/microlib/fpflt.c                0x00000000   Number         0  ffltui.o ABSOLUTE
    ../fplib/microlib/fpflt.c                0x00000000   Number         0  dfltui.o ABSOLUTE
    ../fplib/microlib/fpmul.c                0x00000000   Number         0  fmul.o ABSOLUTE
    ../fplib/microlib/fpmul.c                0x00000000   Number         0  dmul.o ABSOLUTE
    ../mathlib/floor.c                       0x00000000   Number         0  floor.o ABSOLUTE
    ActionGroup\Action.c                     0x00000000   Number         0  action.o ABSOLUTE
    ActionGroup\FreeRTOS_Action.c            0x00000000   Number         0  freertos_action.o ABSOLUTE
    ActionGroup\WavyGait.c                   0x00000000   Number         0  wavygait.o ABSOLUTE
    ActionGroup\rotation.c                   0x00000000   Number         0  rotation.o ABSOLUTE
    ActionGroup\turn.c                       0x00000000   Number         0  turn.o ABSOLUTE
    FreeRTOS\\portable\\RVDS\\ARM_CM3\\port.c 0x00000000   Number         0  port.o ABSOLUTE
    FreeRTOS\croutine.c                      0x00000000   Number         0  croutine.o ABSOLUTE
    FreeRTOS\event_groups.c                  0x00000000   Number         0  event_groups.o ABSOLUTE
    FreeRTOS\list.c                          0x00000000   Number         0  list.o ABSOLUTE
    FreeRTOS\portable\MemMang\heap_4.c       0x00000000   Number         0  heap_4.o ABSOLUTE
    FreeRTOS\portable\RVDS\ARM_CM3\port.c    0x00000000   Number         0  port.o ABSOLUTE
    FreeRTOS\queue.c                         0x00000000   Number         0  queue.o ABSOLUTE
    FreeRTOS\tasks.c                         0x00000000   Number         0  tasks.o ABSOLUTE
    FreeRTOS\timers.c                        0x00000000   Number         0  timers.o ABSOLUTE
    Hardware\Exti.c                          0x00000000   Number         0  exti.o ABSOLUTE
    Hardware\OLED.c                          0x00000000   Number         0  oled.o ABSOLUTE
    Hardware\Timer.c                         0x00000000   Number         0  timer.o ABSOLUTE
    Hardware\led.c                           0x00000000   Number         0  led.o ABSOLUTE
    Libraries\CMSIS\core_cm3.c               0x00000000   Number         0  core_cm3.o ABSOLUTE
    Libraries\CMSIS\system_stm32f10x.c       0x00000000   Number         0  system_stm32f10x.o ABSOLUTE
    Libraries\STM32F10x_StdPeriph_Driver\src\misc.c 0x00000000   Number         0  misc.o ABSOLUTE
    Libraries\STM32F10x_StdPeriph_Driver\src\stm32f10x_exti.c 0x00000000   Number         0  stm32f10x_exti.o ABSOLUTE
    Libraries\STM32F10x_StdPeriph_Driver\src\stm32f10x_gpio.c 0x00000000   Number         0  stm32f10x_gpio.o ABSOLUTE
    Libraries\STM32F10x_StdPeriph_Driver\src\stm32f10x_rcc.c 0x00000000   Number         0  stm32f10x_rcc.o ABSOLUTE
    Libraries\STM32F10x_StdPeriph_Driver\src\stm32f10x_tim.c 0x00000000   Number         0  stm32f10x_tim.o ABSOLUTE
    Libraries\STM32F10x_StdPeriph_Driver\src\stm32f10x_usart.c 0x00000000   Number         0  stm32f10x_usart.o ABSOLUTE
    Libraries\\CMSIS\\core_cm3.c             0x00000000   Number         0  core_cm3.o ABSOLUTE
    PCA9685\Motor.c                          0x00000000   Number         0  motor.o ABSOLUTE
    PCA9685\PCA9685.c                        0x00000000   Number         0  pca9685.o ABSOLUTE
    PCA9685\PWM.c                            0x00000000   Number         0  pwm.o ABSOLUTE
    PCA9685\TB6612.c                         0x00000000   Number         0  tb6612.o ABSOLUTE
    PCA9685\myiic.c                          0x00000000   Number         0  myiic.o ABSOLUTE
    PCA9685\servo.c                          0x00000000   Number         0  servo.o ABSOLUTE
    System\SysTick.c                         0x00000000   Number         0  systick.o ABSOLUTE
    System\\sys.c                            0x00000000   Number         0  sys.o ABSOLUTE
    System\sys.c                             0x00000000   Number         0  sys.o ABSOLUTE
    System\system.c                          0x00000000   Number         0  system.o ABSOLUTE
    System\usart.c                           0x00000000   Number         0  usart.o ABSOLUTE
    User\Starrt_Init.c                       0x00000000   Number         0  starrt_init.o ABSOLUTE
    User\main.c                              0x00000000   Number         0  main.o ABSOLUTE
    User\startup_stm32f10x_md.s              0x00000000   Number         0  startup_stm32f10x_md.o ABSOLUTE
    User\stm32f10x_it.c                      0x00000000   Number         0  stm32f10x_it.o ABSOLUTE
    cdrcmple.s                               0x00000000   Number         0  cdrcmple.o ABSOLUTE
    dc.s                                     0x00000000   Number         0  dc.o ABSOLUTE
    handlers.s                               0x00000000   Number         0  handlers.o ABSOLUTE
    init.s                                   0x00000000   Number         0  init.o ABSOLUTE
    RESET                                    0x08000000   Section      236  startup_stm32f10x_md.o(RESET)
    .ARM.Collect$$$$00000000                 0x080000ec   Section        0  entry.o(.ARM.Collect$$$$00000000)
    .ARM.Collect$$$$00000001                 0x080000ec   Section        4  entry2.o(.ARM.Collect$$$$00000001)
    .ARM.Collect$$$$00000004                 0x080000f0   Section        4  entry5.o(.ARM.Collect$$$$00000004)
    .ARM.Collect$$$$00000008                 0x080000f4   Section        0  entry7b.o(.ARM.Collect$$$$00000008)
    .ARM.Collect$$$$0000000A                 0x080000f4   Section        0  entry8b.o(.ARM.Collect$$$$0000000A)
    .ARM.Collect$$$$0000000B                 0x080000f4   Section        8  entry9a.o(.ARM.Collect$$$$0000000B)
    .ARM.Collect$$$$0000000E                 0x080000fc   Section        4  entry12b.o(.ARM.Collect$$$$0000000E)
    .ARM.Collect$$$$0000000F                 0x08000100   Section        0  entry10a.o(.ARM.Collect$$$$0000000F)
    .ARM.Collect$$$$00000011                 0x08000100   Section        0  entry11a.o(.ARM.Collect$$$$00000011)
    .ARM.Collect$$$$00002712                 0x08000100   Section        4  entry2.o(.ARM.Collect$$$$00002712)
    __lit__00000000                          0x08000100   Data           4  entry2.o(.ARM.Collect$$$$00002712)
    .emb_text                                0x08000104   Section      150  port.o(.emb_text)
    .text                                    0x0800019c   Section       36  startup_stm32f10x_md.o(.text)
    .text                                    0x080001c0   Section        0  memcpya.o(.text)
    .text                                    0x080001e4   Section        0  fadd.o(.text)
    .text                                    0x08000294   Section        0  fmul.o(.text)
    .text                                    0x080002f8   Section        0  fdiv.o(.text)
    .text                                    0x08000374   Section        0  dadd.o(.text)
    .text                                    0x080004c2   Section        0  dmul.o(.text)
    .text                                    0x080005a6   Section        0  ddiv.o(.text)
    .text                                    0x08000684   Section        0  ffltui.o(.text)
    .text                                    0x0800068e   Section        0  dfltui.o(.text)
    .text                                    0x080006a8   Section        0  ffixui.o(.text)
    .text                                    0x080006d0   Section        0  dfixui.o(.text)
    .text                                    0x08000702   Section        0  f2d.o(.text)
    .text                                    0x08000728   Section        0  uidiv.o(.text)
    .text                                    0x08000754   Section        0  llshl.o(.text)
    .text                                    0x08000772   Section        0  llushr.o(.text)
    .text                                    0x08000792   Section        0  llsshr.o(.text)
    .text                                    0x080007b6   Section        0  fepilogue.o(.text)
    .text                                    0x080007b6   Section        0  iusefp.o(.text)
    .text                                    0x08000824   Section        0  depilogue.o(.text)
    .text                                    0x080008e0   Section       48  cdrcmple.o(.text)
    .text                                    0x08000910   Section       36  init.o(.text)
    i.BusFault_Handler                       0x08000934   Section        0  stm32f10x_it.o(i.BusFault_Handler)
    i.DebugMon_Handler                       0x08000938   Section        0  stm32f10x_it.o(i.DebugMon_Handler)
    i.Delay_ms                               0x0800093c   Section        0  systick.o(i.Delay_ms)
    i.Delay_us                               0x0800097c   Section        0  systick.o(i.Delay_us)
    i.GPIO_Init                              0x080009c4   Section        0  stm32f10x_gpio.o(i.GPIO_Init)
    i.GPIO_WriteBit                          0x08000ada   Section        0  stm32f10x_gpio.o(i.GPIO_WriteBit)
    i.HardFault_Handler                      0x08000ae4   Section        0  stm32f10x_it.o(i.HardFault_Handler)
    i.IIC_Ack                                0x08000ae8   Section        0  myiic.o(i.IIC_Ack)
    i.IIC_Init                               0x08000b38   Section        0  myiic.o(i.IIC_Init)
    i.IIC_NAck                               0x08000b78   Section        0  myiic.o(i.IIC_NAck)
    i.IIC_Read_Byte                          0x08000bc8   Section        0  myiic.o(i.IIC_Read_Byte)
    i.IIC_Send_Byte                          0x08000c38   Section        0  myiic.o(i.IIC_Send_Byte)
    i.IIC_Start                              0x08000ca0   Section        0  myiic.o(i.IIC_Start)
    i.IIC_Stop                               0x08000cec   Section        0  myiic.o(i.IIC_Stop)
    i.IIC_Wait_Ack                           0x08000d38   Section        0  myiic.o(i.IIC_Wait_Ack)
    i.MemManage_Handler                      0x08000da0   Section        0  stm32f10x_it.o(i.MemManage_Handler)
    i.NMI_Handler                            0x08000da4   Section        0  stm32f10x_it.o(i.NMI_Handler)
    i.NVIC_Init                              0x08000da8   Section        0  misc.o(i.NVIC_Init)
    i.NVIC_PriorityGroupConfig               0x08000e18   Section        0  misc.o(i.NVIC_PriorityGroupConfig)
    i.OLED_Clear                             0x08000e2c   Section        0  oled.o(i.OLED_Clear)
    i.OLED_I2C_Init                          0x08000e58   Section        0  oled.o(i.OLED_I2C_Init)
    i.OLED_I2C_SendByte                      0x08000ea8   Section        0  oled.o(i.OLED_I2C_SendByte)
    i.OLED_I2C_Start                         0x08000efc   Section        0  oled.o(i.OLED_I2C_Start)
    i.OLED_I2C_Stop                          0x08000f30   Section        0  oled.o(i.OLED_I2C_Stop)
    i.OLED_Init                              0x08000f58   Section        0  oled.o(i.OLED_Init)
    i.OLED_SetCursor                         0x08001006   Section        0  oled.o(i.OLED_SetCursor)
    i.OLED_WriteCommand                      0x08001028   Section        0  oled.o(i.OLED_WriteCommand)
    i.OLED_WriteData                         0x08001048   Section        0  oled.o(i.OLED_WriteData)
    i.PCA9685_Init                           0x08001068   Section        0  pca9685.o(i.PCA9685_Init)
    i.PCA9685_Read                           0x08001164   Section        0  pca9685.o(i.PCA9685_Read)
    i.PCA9685_Write                          0x080011a8   Section        0  pca9685.o(i.PCA9685_Write)
    i.PCA9685_setFreq                        0x080011d8   Section        0  pca9685.o(i.PCA9685_setFreq)
    i.PCA9685_setPWM                         0x08001284   Section        0  pca9685.o(i.PCA9685_setPWM)
    i.PWM_SetCompare1                        0x080012da   Section        0  pwm.o(i.PWM_SetCompare1)
    i.PWM_SetCompare2                        0x080012ea   Section        0  pwm.o(i.PWM_SetCompare2)
    i.RCC_APB1PeriphClockCmd                 0x080012fc   Section        0  stm32f10x_rcc.o(i.RCC_APB1PeriphClockCmd)
    i.RCC_APB2PeriphClockCmd                 0x0800131c   Section        0  stm32f10x_rcc.o(i.RCC_APB2PeriphClockCmd)
    i.RCC_GetClocksFreq                      0x0800133c   Section        0  stm32f10x_rcc.o(i.RCC_GetClocksFreq)
    i.ServoLegLeft_SetAngle                  0x08001410   Section        0  servo.o(i.ServoLegLeft_SetAngle)
    i.ServoLegRight_SetAngle                 0x0800144c   Section        0  servo.o(i.ServoLegRight_SetAngle)
    i.SetSysClock                            0x08001488   Section        0  system_stm32f10x.o(i.SetSysClock)
    SetSysClock                              0x08001489   Thumb Code     8  system_stm32f10x.o(i.SetSysClock)
    i.SetSysClockTo72                        0x08001490   Section        0  system_stm32f10x.o(i.SetSysClockTo72)
    SetSysClockTo72                          0x08001491   Thumb Code   214  system_stm32f10x.o(i.SetSysClockTo72)
    i.Start_Init                             0x08001570   Section        0  starrt_init.o(i.Start_Init)
    i.SysTick_CLKSourceConfig                0x08001590   Section        0  misc.o(i.SysTick_CLKSourceConfig)
    i.SysTick_Handler                        0x080015b8   Section        0  stm32f10x_it.o(i.SysTick_Handler)
    i.SysTick_Init                           0x080015c8   Section        0  systick.o(i.SysTick_Init)
    i.SystemInit                             0x08001624   Section        0  system_stm32f10x.o(i.SystemInit)
    i.TIM2_IQRHandler                        0x08001684   Section        0  timer.o(i.TIM2_IQRHandler)
    i.TIM_ClearFlag                          0x080016aa   Section        0  stm32f10x_tim.o(i.TIM_ClearFlag)
    i.TIM_ClearITPendingBit                  0x080016b0   Section        0  stm32f10x_tim.o(i.TIM_ClearITPendingBit)
    i.TIM_Cmd                                0x080016b6   Section        0  stm32f10x_tim.o(i.TIM_Cmd)
    i.TIM_GetITStatus                        0x080016ce   Section        0  stm32f10x_tim.o(i.TIM_GetITStatus)
    i.TIM_ITConfig                           0x080016f0   Section        0  stm32f10x_tim.o(i.TIM_ITConfig)
    i.TIM_InternalClockConfig                0x08001702   Section        0  stm32f10x_tim.o(i.TIM_InternalClockConfig)
    i.TIM_SetCompare1                        0x0800170e   Section        0  stm32f10x_tim.o(i.TIM_SetCompare1)
    i.TIM_SetCompare2                        0x08001712   Section        0  stm32f10x_tim.o(i.TIM_SetCompare2)
    i.TIM_TimeBaseInit                       0x08001718   Section        0  stm32f10x_tim.o(i.TIM_TimeBaseInit)
    i.Timer_Init                             0x080017bc   Section        0  timer.o(i.Timer_Init)
    i.USART1_IRQHandler                      0x08001834   Section        0  usart.o(i.USART1_IRQHandler)
    i.USART1_Init                            0x080018bc   Section        0  usart.o(i.USART1_Init)
    i.USART_ClearFlag                        0x0800196c   Section        0  stm32f10x_usart.o(i.USART_ClearFlag)
    i.USART_Cmd                              0x0800197e   Section        0  stm32f10x_usart.o(i.USART_Cmd)
    i.USART_GetFlagStatus                    0x08001996   Section        0  stm32f10x_usart.o(i.USART_GetFlagStatus)
    i.USART_GetITStatus                      0x080019b0   Section        0  stm32f10x_usart.o(i.USART_GetITStatus)
    i.USART_ITConfig                         0x08001a04   Section        0  stm32f10x_usart.o(i.USART_ITConfig)
    i.USART_Init                             0x08001a50   Section        0  stm32f10x_usart.o(i.USART_Init)
    i.USART_ReceiveData                      0x08001b28   Section        0  stm32f10x_usart.o(i.USART_ReceiveData)
    i.USART_SendData                         0x08001b32   Section        0  stm32f10x_usart.o(i.USART_SendData)
    i.UsageFault_Handler                     0x08001b3a   Section        0  stm32f10x_it.o(i.UsageFault_Handler)
    i.__0printf$3                            0x08001b40   Section        0  printf3.o(i.__0printf$3)
    i.__scatterload_copy                     0x08001b60   Section       14  handlers.o(i.__scatterload_copy)
    i.__scatterload_null                     0x08001b6e   Section        2  handlers.o(i.__scatterload_null)
    i.__scatterload_zeroinit                 0x08001b70   Section       14  handlers.o(i.__scatterload_zeroinit)
    i._printf_core                           0x08001b80   Section        0  printf3.o(i._printf_core)
    _printf_core                             0x08001b81   Thumb Code   436  printf3.o(i._printf_core)
    i.floor                                  0x08001d38   Section        0  floor.o(i.floor)
    i.fputc                                  0x08001e14   Section        0  usart.o(i.fputc)
    i.front_left_func                        0x08001e38   Section        0  freertos_action.o(i.front_left_func)
    i.front_right_func                       0x08001ec8   Section        0  freertos_action.o(i.front_right_func)
    i.main                                   0x08001f5c   Section        0  main.o(i.main)
    i.middle_left_func                       0x080020b8   Section        0  freertos_action.o(i.middle_left_func)
    i.middle_right_func                      0x0800214c   Section        0  freertos_action.o(i.middle_right_func)
    i.normal                                 0x080021e4   Section        0  action.o(i.normal)
    i.prvAddCurrentTaskToDelayedList         0x08002224   Section        0  tasks.o(i.prvAddCurrentTaskToDelayedList)
    prvAddCurrentTaskToDelayedList           0x08002225   Thumb Code   124  tasks.o(i.prvAddCurrentTaskToDelayedList)
    i.prvAddNewTaskToReadyList               0x080022bc   Section        0  tasks.o(i.prvAddNewTaskToReadyList)
    prvAddNewTaskToReadyList                 0x080022bd   Thumb Code   150  tasks.o(i.prvAddNewTaskToReadyList)
    i.prvCheckTasksWaitingTermination        0x08002370   Section        0  tasks.o(i.prvCheckTasksWaitingTermination)
    prvCheckTasksWaitingTermination          0x08002371   Thumb Code    86  tasks.o(i.prvCheckTasksWaitingTermination)
    i.prvCopyDataFromQueue                   0x080023d4   Section        0  queue.o(i.prvCopyDataFromQueue)
    prvCopyDataFromQueue                     0x080023d5   Thumb Code    42  queue.o(i.prvCopyDataFromQueue)
    i.prvCopyDataToQueue                     0x080023fe   Section        0  queue.o(i.prvCopyDataToQueue)
    prvCopyDataToQueue                       0x080023ff   Thumb Code   106  queue.o(i.prvCopyDataToQueue)
    i.prvDeleteTCB                           0x08002468   Section        0  tasks.o(i.prvDeleteTCB)
    prvDeleteTCB                             0x08002469   Thumb Code    18  tasks.o(i.prvDeleteTCB)
    i.prvHeapInit                            0x0800247c   Section        0  heap_4.o(i.prvHeapInit)
    prvHeapInit                              0x0800247d   Thumb Code    98  heap_4.o(i.prvHeapInit)
    i.prvIdleTask                            0x080024f8   Section        0  tasks.o(i.prvIdleTask)
    prvIdleTask                              0x080024f9   Thumb Code    32  tasks.o(i.prvIdleTask)
    i.prvInitialiseNewTask                   0x08002520   Section        0  tasks.o(i.prvInitialiseNewTask)
    prvInitialiseNewTask                     0x08002521   Thumb Code   154  tasks.o(i.prvInitialiseNewTask)
    i.prvInitialiseTaskLists                 0x080025e0   Section        0  tasks.o(i.prvInitialiseTaskLists)
    prvInitialiseTaskLists                   0x080025e1   Thumb Code    70  tasks.o(i.prvInitialiseTaskLists)
    i.prvInsertBlockIntoFreeList             0x08002648   Section        0  heap_4.o(i.prvInsertBlockIntoFreeList)
    prvInsertBlockIntoFreeList               0x08002649   Thumb Code    96  heap_4.o(i.prvInsertBlockIntoFreeList)
    i.prvIsQueueEmpty                        0x080026b0   Section        0  queue.o(i.prvIsQueueEmpty)
    prvIsQueueEmpty                          0x080026b1   Thumb Code    26  queue.o(i.prvIsQueueEmpty)
    i.prvIsQueueFull                         0x080026ca   Section        0  queue.o(i.prvIsQueueFull)
    prvIsQueueFull                           0x080026cb   Thumb Code    30  queue.o(i.prvIsQueueFull)
    i.prvResetNextTaskUnblockTime            0x080026e8   Section        0  tasks.o(i.prvResetNextTaskUnblockTime)
    prvResetNextTaskUnblockTime              0x080026e9   Thumb Code    42  tasks.o(i.prvResetNextTaskUnblockTime)
    i.prvTaskExitError                       0x0800271c   Section        0  port.o(i.prvTaskExitError)
    prvTaskExitError                         0x0800271d   Thumb Code    48  port.o(i.prvTaskExitError)
    i.prvUnlockQueue                         0x08002788   Section        0  queue.o(i.prvUnlockQueue)
    prvUnlockQueue                           0x08002789   Thumb Code   126  queue.o(i.prvUnlockQueue)
    i.pvPortMalloc                           0x08002808   Section        0  heap_4.o(i.pvPortMalloc)
    i.pxPortInitialiseStack                  0x08002958   Section        0  port.o(i.pxPortInitialiseStack)
    i.rear_left_func                         0x0800297c   Section        0  freertos_action.o(i.rear_left_func)
    i.rear_right_func                        0x08002a14   Section        0  freertos_action.o(i.rear_right_func)
    i.setAngle                               0x08002aac   Section        0  pca9685.o(i.setAngle)
    i.standnormal                            0x08002af4   Section        0  action.o(i.standnormal)
    i.uxListRemove                           0x08002b04   Section        0  list.o(i.uxListRemove)
    i.vListInitialise                        0x08002b2c   Section        0  list.o(i.vListInitialise)
    i.vListInitialiseItem                    0x08002b46   Section        0  list.o(i.vListInitialiseItem)
    i.vListInsert                            0x08002b4c   Section        0  list.o(i.vListInsert)
    i.vListInsertEnd                         0x08002b80   Section        0  list.o(i.vListInsertEnd)
    i.vPortEnterCritical                     0x08002b98   Section        0  port.o(i.vPortEnterCritical)
    i.vPortExitCritical                      0x08002c1c   Section        0  port.o(i.vPortExitCritical)
    i.vPortFree                              0x08002c88   Section        0  heap_4.o(i.vPortFree)
    i.vPortSetupTimerInterrupt               0x08002d3c   Section        0  port.o(i.vPortSetupTimerInterrupt)
    i.vTaskDelay                             0x08002d5c   Section        0  tasks.o(i.vTaskDelay)
    i.vTaskDelete                            0x08002dd0   Section        0  tasks.o(i.vTaskDelete)
    i.vTaskMissedYield                       0x08002edc   Section        0  tasks.o(i.vTaskMissedYield)
    i.vTaskPlaceOnEventList                  0x08002ee8   Section        0  tasks.o(i.vTaskPlaceOnEventList)
    i.vTaskSetTimeOutState                   0x08002f3c   Section        0  tasks.o(i.vTaskSetTimeOutState)
    i.vTaskStartScheduler                    0x08002f88   Section        0  tasks.o(i.vTaskStartScheduler)
    i.vTaskSuspendAll                        0x0800302c   Section        0  tasks.o(i.vTaskSuspendAll)
    i.vTaskSwitchContext                     0x0800303c   Section        0  tasks.o(i.vTaskSwitchContext)
    i.xPortStartScheduler                    0x080030e4   Section        0  port.o(i.xPortStartScheduler)
    i.xPortSysTickHandler                    0x08003184   Section        0  port.o(i.xPortSysTickHandler)
    i.xQueueGenericReceive                   0x080031b8   Section        0  queue.o(i.xQueueGenericReceive)
    i.xQueueGenericSend                      0x08003364   Section        0  queue.o(i.xQueueGenericSend)
    i.xTaskCheckForTimeOut                   0x08003508   Section        0  tasks.o(i.xTaskCheckForTimeOut)
    i.xTaskCreate                            0x080035a8   Section        0  tasks.o(i.xTaskCreate)
    i.xTaskGetSchedulerState                 0x08003608   Section        0  tasks.o(i.xTaskGetSchedulerState)
    i.xTaskIncrementTick                     0x08003628   Section        0  tasks.o(i.xTaskIncrementTick)
    i.xTaskRemoveFromEventList               0x08003788   Section        0  tasks.o(i.xTaskRemoveFromEventList)
    i.xTaskResumeAll                         0x0800383c   Section        0  tasks.o(i.xTaskResumeAll)
    .constdata                               0x0800395c   Section       48  action.o(.constdata)
    .data                                    0x20000000   Section       20  stm32f10x_rcc.o(.data)
    APBAHBPrescTable                         0x20000000   Data          16  stm32f10x_rcc.o(.data)
    ADCPrescTable                            0x20000010   Data           4  stm32f10x_rcc.o(.data)
    .data                                    0x20000014   Section       20  system_stm32f10x.o(.data)
    .data                                    0x20000028   Section        4  systick.o(.data)
    fac_us                                   0x20000028   Data           1  systick.o(.data)
    fac_ms                                   0x2000002a   Data           2  systick.o(.data)
    .data                                    0x2000002c   Section        2  usart.o(.data)
    .data                                    0x20000030   Section       60  tasks.o(.data)
    pxDelayedTaskList                        0x20000034   Data           4  tasks.o(.data)
    pxOverflowDelayedTaskList                0x20000038   Data           4  tasks.o(.data)
    uxDeletedTasksWaitingCleanUp             0x2000003c   Data           4  tasks.o(.data)
    uxCurrentNumberOfTasks                   0x20000040   Data           4  tasks.o(.data)
    xTickCount                               0x20000044   Data           4  tasks.o(.data)
    uxTopReadyPriority                       0x20000048   Data           4  tasks.o(.data)
    xSchedulerRunning                        0x2000004c   Data           4  tasks.o(.data)
    uxPendedTicks                            0x20000050   Data           4  tasks.o(.data)
    xYieldPending                            0x20000054   Data           4  tasks.o(.data)
    xNumOfOverflows                          0x20000058   Data           4  tasks.o(.data)
    uxTaskNumber                             0x2000005c   Data           4  tasks.o(.data)
    xNextTaskUnblockTime                     0x20000060   Data           4  tasks.o(.data)
    xIdleTaskHandle                          0x20000064   Data           4  tasks.o(.data)
    uxSchedulerSuspended                     0x20000068   Data           4  tasks.o(.data)
    .data                                    0x2000006c   Section       24  heap_4.o(.data)
    xStart                                   0x2000006c   Data           8  heap_4.o(.data)
    pxEnd                                    0x20000074   Data           4  heap_4.o(.data)
    xFreeBytesRemaining                      0x20000078   Data           4  heap_4.o(.data)
    xMinimumEverFreeBytesRemaining           0x2000007c   Data           4  heap_4.o(.data)
    xBlockAllocatedBit                       0x20000080   Data           4  heap_4.o(.data)
    .data                                    0x20000084   Section       12  port.o(.data)
    uxCriticalNesting                        0x20000084   Data           4  port.o(.data)
    ucMaxSysCallPriority                     0x20000088   Data           1  port.o(.data)
    ulMaxPRIGROUPValue                       0x2000008c   Data           4  port.o(.data)
    .data                                    0x20000090   Section       88  action.o(.data)
    .data                                    0x200000e8   Section        4  freertos_action.o(.data)
    .data                                    0x200000ec   Section       29  main.o(.data)
    .data                                    0x2000010c   Section        4  stdout.o(.data)
    .bss                                     0x20000110   Section      200  usart.o(.bss)
    .bss                                     0x200001d8   Section      740  tasks.o(.bss)
    pxReadyTasksLists                        0x200001d8   Data         640  tasks.o(.bss)
    xDelayedTaskList1                        0x20000458   Data          20  tasks.o(.bss)
    xDelayedTaskList2                        0x2000046c   Data          20  tasks.o(.bss)
    xPendingReadyList                        0x20000480   Data          20  tasks.o(.bss)
    xTasksWaitingTermination                 0x20000494   Data          20  tasks.o(.bss)
    xSuspendedTaskList                       0x200004a8   Data          20  tasks.o(.bss)
    .bss                                     0x200004bc   Section    17408  heap_4.o(.bss)
    ucHeap                                   0x200004bc   Data       17408  heap_4.o(.bss)
    .bss                                     0x200048bc   Section       16  main.o(.bss)
    STACK                                    0x200048d0   Section     1024  startup_stm32f10x_md.o(STACK)

    Global Symbols

    Symbol Name                              Value     Ov Type        Size  Object(Section)

    BuildAttributes$$THM_ISAv4$P$D$K$B$S$PE$A:L22UL41UL21$X:L11$S22US41US21$IEEE1$IW$USESV6$~STKCKD$USESV7$~SHL$OTIME$ROPI$IEEEJ$EBA8$MICROLIB$REQ8$PRES8$EABIv2 0x00000000   Number         0  anon$$obj.o ABSOLUTE
    __ARM_use_no_argv                        0x00000000   Number         0  main.o ABSOLUTE
    _printf_a                                0x00000000   Number         0  stubs.o ABSOLUTE
    _printf_c                                0x00000000   Number         0  stubs.o ABSOLUTE
    _printf_charcount                        0x00000000   Number         0  stubs.o ABSOLUTE
    _printf_d                                0x00000000   Number         0  stubs.o ABSOLUTE
    _printf_e                                0x00000000   Number         0  stubs.o ABSOLUTE
    _printf_f                                0x00000000   Number         0  stubs.o ABSOLUTE
    _printf_flags                            0x00000000   Number         0  stubs.o ABSOLUTE
    _printf_fp_dec                           0x00000000   Number         0  stubs.o ABSOLUTE
    _printf_fp_hex                           0x00000000   Number         0  stubs.o ABSOLUTE
    _printf_g                                0x00000000   Number         0  stubs.o ABSOLUTE
    _printf_i                                0x00000000   Number         0  stubs.o ABSOLUTE
    _printf_int_dec                          0x00000000   Number         0  stubs.o ABSOLUTE
    _printf_l                                0x00000000   Number         0  stubs.o ABSOLUTE
    _printf_lc                               0x00000000   Number         0  stubs.o ABSOLUTE
    _printf_ll                               0x00000000   Number         0  stubs.o ABSOLUTE
    _printf_lld                              0x00000000   Number         0  stubs.o ABSOLUTE
    _printf_lli                              0x00000000   Number         0  stubs.o ABSOLUTE
    _printf_llo                              0x00000000   Number         0  stubs.o ABSOLUTE
    _printf_llu                              0x00000000   Number         0  stubs.o ABSOLUTE
    _printf_llx                              0x00000000   Number         0  stubs.o ABSOLUTE
    _printf_longlong_dec                     0x00000000   Number         0  stubs.o ABSOLUTE
    _printf_longlong_hex                     0x00000000   Number         0  stubs.o ABSOLUTE
    _printf_longlong_oct                     0x00000000   Number         0  stubs.o ABSOLUTE
    _printf_ls                               0x00000000   Number         0  stubs.o ABSOLUTE
    _printf_mbtowc                           0x00000000   Number         0  stubs.o ABSOLUTE
    _printf_n                                0x00000000   Number         0  stubs.o ABSOLUTE
    _printf_o                                0x00000000   Number         0  stubs.o ABSOLUTE
    _printf_p                                0x00000000   Number         0  stubs.o ABSOLUTE
    _printf_percent                          0x00000000   Number         0  stubs.o ABSOLUTE
    _printf_pre_padding                      0x00000000   Number         0  stubs.o ABSOLUTE
    _printf_return_value                     0x00000000   Number         0  stubs.o ABSOLUTE
    _printf_s                                0x00000000   Number         0  stubs.o ABSOLUTE
    _printf_sizespec                         0x00000000   Number         0  stubs.o ABSOLUTE
    _printf_str                              0x00000000   Number         0  stubs.o ABSOLUTE
    _printf_truncate_signed                  0x00000000   Number         0  stubs.o ABSOLUTE
    _printf_truncate_unsigned                0x00000000   Number         0  stubs.o ABSOLUTE
    _printf_u                                0x00000000   Number         0  stubs.o ABSOLUTE
    _printf_wc                               0x00000000   Number         0  stubs.o ABSOLUTE
    _printf_wctomb                           0x00000000   Number         0  stubs.o ABSOLUTE
    _printf_widthprec                        0x00000000   Number         0  stubs.o ABSOLUTE
    _printf_x                                0x00000000   Number         0  stubs.o ABSOLUTE
    __arm_fini_                               - Undefined Weak Reference
    __cpp_initialize__aeabi_                  - Undefined Weak Reference
    __cxa_finalize                            - Undefined Weak Reference
    __decompress                              - Undefined Weak Reference
    _clock_init                               - Undefined Weak Reference
    _microlib_exit                            - Undefined Weak Reference
    __Vectors_Size                           0x000000ec   Number         0  startup_stm32f10x_md.o ABSOLUTE
    __Vectors                                0x08000000   Data           4  startup_stm32f10x_md.o(RESET)
    __Vectors_End                            0x080000ec   Data           0  startup_stm32f10x_md.o(RESET)
    __main                                   0x080000ed   Thumb Code     0  entry.o(.ARM.Collect$$$$00000000)
    _main_stk                                0x080000ed   Thumb Code     0  entry2.o(.ARM.Collect$$$$00000001)
    _main_scatterload                        0x080000f1   Thumb Code     0  entry5.o(.ARM.Collect$$$$00000004)
    __main_after_scatterload                 0x080000f5   Thumb Code     0  entry5.o(.ARM.Collect$$$$00000004)
    _main_clock                              0x080000f5   Thumb Code     0  entry7b.o(.ARM.Collect$$$$00000008)
    _main_cpp_init                           0x080000f5   Thumb Code     0  entry8b.o(.ARM.Collect$$$$0000000A)
    _main_init                               0x080000f5   Thumb Code     0  entry9a.o(.ARM.Collect$$$$0000000B)
    __rt_lib_shutdown_fini                   0x080000fd   Thumb Code     0  entry12b.o(.ARM.Collect$$$$0000000E)
    __rt_final_cpp                           0x08000101   Thumb Code     0  entry10a.o(.ARM.Collect$$$$0000000F)
    __rt_final_exit                          0x08000101   Thumb Code     0  entry11a.o(.ARM.Collect$$$$00000011)
    SVC_Handler                              0x08000105   Thumb Code    32  port.o(.emb_text)
    __asm___6_port_c_39a90d8d__prvStartFirstTask 0x08000129   Thumb Code    28  port.o(.emb_text)
    PendSV_Handler                           0x08000149   Thumb Code    72  port.o(.emb_text)
    vPortGetIPSR                             0x08000195   Thumb Code     6  port.o(.emb_text)
    Reset_Handler                            0x0800019d   Thumb Code     8  startup_stm32f10x_md.o(.text)
    ADC1_2_IRQHandler                        0x080001b7   Thumb Code     0  startup_stm32f10x_md.o(.text)
    CAN1_RX1_IRQHandler                      0x080001b7   Thumb Code     0  startup_stm32f10x_md.o(.text)
    CAN1_SCE_IRQHandler                      0x080001b7   Thumb Code     0  startup_stm32f10x_md.o(.text)
    DMA1_Channel1_IRQHandler                 0x080001b7   Thumb Code     0  startup_stm32f10x_md.o(.text)
    DMA1_Channel2_IRQHandler                 0x080001b7   Thumb Code     0  startup_stm32f10x_md.o(.text)
    DMA1_Channel3_IRQHandler                 0x080001b7   Thumb Code     0  startup_stm32f10x_md.o(.text)
    DMA1_Channel4_IRQHandler                 0x080001b7   Thumb Code     0  startup_stm32f10x_md.o(.text)
    DMA1_Channel5_IRQHandler                 0x080001b7   Thumb Code     0  startup_stm32f10x_md.o(.text)
    DMA1_Channel6_IRQHandler                 0x080001b7   Thumb Code     0  startup_stm32f10x_md.o(.text)
    DMA1_Channel7_IRQHandler                 0x080001b7   Thumb Code     0  startup_stm32f10x_md.o(.text)
    EXTI0_IRQHandler                         0x080001b7   Thumb Code     0  startup_stm32f10x_md.o(.text)
    EXTI15_10_IRQHandler                     0x080001b7   Thumb Code     0  startup_stm32f10x_md.o(.text)
    EXTI1_IRQHandler                         0x080001b7   Thumb Code     0  startup_stm32f10x_md.o(.text)
    EXTI2_IRQHandler                         0x080001b7   Thumb Code     0  startup_stm32f10x_md.o(.text)
    EXTI3_IRQHandler                         0x080001b7   Thumb Code     0  startup_stm32f10x_md.o(.text)
    EXTI4_IRQHandler                         0x080001b7   Thumb Code     0  startup_stm32f10x_md.o(.text)
    EXTI9_5_IRQHandler                       0x080001b7   Thumb Code     0  startup_stm32f10x_md.o(.text)
    FLASH_IRQHandler                         0x080001b7   Thumb Code     0  startup_stm32f10x_md.o(.text)
    I2C1_ER_IRQHandler                       0x080001b7   Thumb Code     0  startup_stm32f10x_md.o(.text)
    I2C1_EV_IRQHandler                       0x080001b7   Thumb Code     0  startup_stm32f10x_md.o(.text)
    I2C2_ER_IRQHandler                       0x080001b7   Thumb Code     0  startup_stm32f10x_md.o(.text)
    I2C2_EV_IRQHandler                       0x080001b7   Thumb Code     0  startup_stm32f10x_md.o(.text)
    PVD_IRQHandler                           0x080001b7   Thumb Code     0  startup_stm32f10x_md.o(.text)
    RCC_IRQHandler                           0x080001b7   Thumb Code     0  startup_stm32f10x_md.o(.text)
    RTCAlarm_IRQHandler                      0x080001b7   Thumb Code     0  startup_stm32f10x_md.o(.text)
    RTC_IRQHandler                           0x080001b7   Thumb Code     0  startup_stm32f10x_md.o(.text)
    SPI1_IRQHandler                          0x080001b7   Thumb Code     0  startup_stm32f10x_md.o(.text)
    SPI2_IRQHandler                          0x080001b7   Thumb Code     0  startup_stm32f10x_md.o(.text)
    TAMPER_IRQHandler                        0x080001b7   Thumb Code     0  startup_stm32f10x_md.o(.text)
    TIM1_BRK_IRQHandler                      0x080001b7   Thumb Code     0  startup_stm32f10x_md.o(.text)
    TIM1_CC_IRQHandler                       0x080001b7   Thumb Code     0  startup_stm32f10x_md.o(.text)
    TIM1_TRG_COM_IRQHandler                  0x080001b7   Thumb Code     0  startup_stm32f10x_md.o(.text)
    TIM1_UP_IRQHandler                       0x080001b7   Thumb Code     0  startup_stm32f10x_md.o(.text)
    TIM2_IRQHandler                          0x080001b7   Thumb Code     0  startup_stm32f10x_md.o(.text)
    TIM3_IRQHandler                          0x080001b7   Thumb Code     0  startup_stm32f10x_md.o(.text)
    TIM4_IRQHandler                          0x080001b7   Thumb Code     0  startup_stm32f10x_md.o(.text)
    USART2_IRQHandler                        0x080001b7   Thumb Code     0  startup_stm32f10x_md.o(.text)
    USART3_IRQHandler                        0x080001b7   Thumb Code     0  startup_stm32f10x_md.o(.text)
    USBWakeUp_IRQHandler                     0x080001b7   Thumb Code     0  startup_stm32f10x_md.o(.text)
    USB_HP_CAN1_TX_IRQHandler                0x080001b7   Thumb Code     0  startup_stm32f10x_md.o(.text)
    USB_LP_CAN1_RX0_IRQHandler               0x080001b7   Thumb Code     0  startup_stm32f10x_md.o(.text)
    WWDG_IRQHandler                          0x080001b7   Thumb Code     0  startup_stm32f10x_md.o(.text)
    __aeabi_memcpy                           0x080001c1   Thumb Code    36  memcpya.o(.text)
    __aeabi_memcpy4                          0x080001c1   Thumb Code     0  memcpya.o(.text)
    __aeabi_memcpy8                          0x080001c1   Thumb Code     0  memcpya.o(.text)
    __aeabi_fadd                             0x080001e5   Thumb Code   164  fadd.o(.text)
    __aeabi_fsub                             0x08000289   Thumb Code     6  fadd.o(.text)
    __aeabi_frsub                            0x0800028f   Thumb Code     6  fadd.o(.text)
    __aeabi_fmul                             0x08000295   Thumb Code   100  fmul.o(.text)
    __aeabi_fdiv                             0x080002f9   Thumb Code   124  fdiv.o(.text)
    __aeabi_dadd                             0x08000375   Thumb Code   322  dadd.o(.text)
    __aeabi_dsub                             0x080004b7   Thumb Code     6  dadd.o(.text)
    __aeabi_drsub                            0x080004bd   Thumb Code     6  dadd.o(.text)
    __aeabi_dmul                             0x080004c3   Thumb Code   228  dmul.o(.text)
    __aeabi_ddiv                             0x080005a7   Thumb Code   222  ddiv.o(.text)
    __aeabi_ui2f                             0x08000685   Thumb Code    10  ffltui.o(.text)
    __aeabi_ui2d                             0x0800068f   Thumb Code    26  dfltui.o(.text)
    __aeabi_f2uiz                            0x080006a9   Thumb Code    40  ffixui.o(.text)
    __aeabi_d2uiz                            0x080006d1   Thumb Code    50  dfixui.o(.text)
    __aeabi_f2d                              0x08000703   Thumb Code    38  f2d.o(.text)
    __aeabi_uidiv                            0x08000729   Thumb Code     0  uidiv.o(.text)
    __aeabi_uidivmod                         0x08000729   Thumb Code    44  uidiv.o(.text)
    __aeabi_llsl                             0x08000755   Thumb Code    30  llshl.o(.text)
    _ll_shift_l                              0x08000755   Thumb Code     0  llshl.o(.text)
    __aeabi_llsr                             0x08000773   Thumb Code    32  llushr.o(.text)
    _ll_ushift_r                             0x08000773   Thumb Code     0  llushr.o(.text)
    __aeabi_lasr                             0x08000793   Thumb Code    36  llsshr.o(.text)
    _ll_sshift_r                             0x08000793   Thumb Code     0  llsshr.o(.text)
    __I$use$fp                               0x080007b7   Thumb Code     0  iusefp.o(.text)
    _float_round                             0x080007b7   Thumb Code    18  fepilogue.o(.text)
    _float_epilogue                          0x080007c9   Thumb Code    92  fepilogue.o(.text)
    _double_round                            0x08000825   Thumb Code    30  depilogue.o(.text)
    _double_epilogue                         0x08000843   Thumb Code   156  depilogue.o(.text)
    __aeabi_cdrcmple                         0x080008e1   Thumb Code    48  cdrcmple.o(.text)
    __scatterload                            0x08000911   Thumb Code    28  init.o(.text)
    __scatterload_rt2                        0x08000911   Thumb Code     0  init.o(.text)
    BusFault_Handler                         0x08000935   Thumb Code     4  stm32f10x_it.o(i.BusFault_Handler)
    DebugMon_Handler                         0x08000939   Thumb Code     2  stm32f10x_it.o(i.DebugMon_Handler)
    Delay_ms                                 0x0800093d   Thumb Code    60  systick.o(i.Delay_ms)
    Delay_us                                 0x0800097d   Thumb Code    68  systick.o(i.Delay_us)
    GPIO_Init                                0x080009c5   Thumb Code   278  stm32f10x_gpio.o(i.GPIO_Init)
    GPIO_WriteBit                            0x08000adb   Thumb Code    10  stm32f10x_gpio.o(i.GPIO_WriteBit)
    HardFault_Handler                        0x08000ae5   Thumb Code     4  stm32f10x_it.o(i.HardFault_Handler)
    IIC_Ack                                  0x08000ae9   Thumb Code    66  myiic.o(i.IIC_Ack)
    IIC_Init                                 0x08000b39   Thumb Code    52  myiic.o(i.IIC_Init)
    IIC_NAck                                 0x08000b79   Thumb Code    66  myiic.o(i.IIC_NAck)
    IIC_Read_Byte                            0x08000bc9   Thumb Code    98  myiic.o(i.IIC_Read_Byte)
    IIC_Send_Byte                            0x08000c39   Thumb Code    90  myiic.o(i.IIC_Send_Byte)
    IIC_Start                                0x08000ca1   Thumb Code    64  myiic.o(i.IIC_Start)
    IIC_Stop                                 0x08000ced   Thumb Code    62  myiic.o(i.IIC_Stop)
    IIC_Wait_Ack                             0x08000d39   Thumb Code    90  myiic.o(i.IIC_Wait_Ack)
    MemManage_Handler                        0x08000da1   Thumb Code     4  stm32f10x_it.o(i.MemManage_Handler)
    NMI_Handler                              0x08000da5   Thumb Code     2  stm32f10x_it.o(i.NMI_Handler)
    NVIC_Init                                0x08000da9   Thumb Code   100  misc.o(i.NVIC_Init)
    NVIC_PriorityGroupConfig                 0x08000e19   Thumb Code    10  misc.o(i.NVIC_PriorityGroupConfig)
    OLED_Clear                               0x08000e2d   Thumb Code    42  oled.o(i.OLED_Clear)
    OLED_I2C_Init                            0x08000e59   Thumb Code    76  oled.o(i.OLED_I2C_Init)
    OLED_I2C_SendByte                        0x08000ea9   Thumb Code    80  oled.o(i.OLED_I2C_SendByte)
    OLED_I2C_Start                           0x08000efd   Thumb Code    48  oled.o(i.OLED_I2C_Start)
    OLED_I2C_Stop                            0x08000f31   Thumb Code    36  oled.o(i.OLED_I2C_Stop)
    OLED_Init                                0x08000f59   Thumb Code   174  oled.o(i.OLED_Init)
    OLED_SetCursor                           0x08001007   Thumb Code    34  oled.o(i.OLED_SetCursor)
    OLED_WriteCommand                        0x08001029   Thumb Code    32  oled.o(i.OLED_WriteCommand)
    OLED_WriteData                           0x08001049   Thumb Code    32  oled.o(i.OLED_WriteData)
    PCA9685_Init                             0x08001069   Thumb Code   242  pca9685.o(i.PCA9685_Init)
    PCA9685_Read                             0x08001165   Thumb Code    68  pca9685.o(i.PCA9685_Read)
    PCA9685_Write                            0x080011a9   Thumb Code    46  pca9685.o(i.PCA9685_Write)
    PCA9685_setFreq                          0x080011d9   Thumb Code   156  pca9685.o(i.PCA9685_setFreq)
    PCA9685_setPWM                           0x08001285   Thumb Code    86  pca9685.o(i.PCA9685_setPWM)
    PWM_SetCompare1                          0x080012db   Thumb Code    16  pwm.o(i.PWM_SetCompare1)
    PWM_SetCompare2                          0x080012eb   Thumb Code    16  pwm.o(i.PWM_SetCompare2)
    RCC_APB1PeriphClockCmd                   0x080012fd   Thumb Code    26  stm32f10x_rcc.o(i.RCC_APB1PeriphClockCmd)
    RCC_APB2PeriphClockCmd                   0x0800131d   Thumb Code    26  stm32f10x_rcc.o(i.RCC_APB2PeriphClockCmd)
    RCC_GetClocksFreq                        0x0800133d   Thumb Code   192  stm32f10x_rcc.o(i.RCC_GetClocksFreq)
    ServoLegLeft_SetAngle                    0x08001411   Thumb Code    48  servo.o(i.ServoLegLeft_SetAngle)
    ServoLegRight_SetAngle                   0x0800144d   Thumb Code    48  servo.o(i.ServoLegRight_SetAngle)
    Start_Init                               0x08001571   Thumb Code    22  starrt_init.o(i.Start_Init)
    SysTick_CLKSourceConfig                  0x08001591   Thumb Code    40  misc.o(i.SysTick_CLKSourceConfig)
    SysTick_Handler                          0x080015b9   Thumb Code    16  stm32f10x_it.o(i.SysTick_Handler)
    SysTick_Init                             0x080015c9   Thumb Code    76  systick.o(i.SysTick_Init)
    SystemInit                               0x08001625   Thumb Code    78  system_stm32f10x.o(i.SystemInit)
    TIM2_IQRHandler                          0x08001685   Thumb Code    38  timer.o(i.TIM2_IQRHandler)
    TIM_ClearFlag                            0x080016ab   Thumb Code     6  stm32f10x_tim.o(i.TIM_ClearFlag)
    TIM_ClearITPendingBit                    0x080016b1   Thumb Code     6  stm32f10x_tim.o(i.TIM_ClearITPendingBit)
    TIM_Cmd                                  0x080016b7   Thumb Code    24  stm32f10x_tim.o(i.TIM_Cmd)
    TIM_GetITStatus                          0x080016cf   Thumb Code    34  stm32f10x_tim.o(i.TIM_GetITStatus)
    TIM_ITConfig                             0x080016f1   Thumb Code    18  stm32f10x_tim.o(i.TIM_ITConfig)
    TIM_InternalClockConfig                  0x08001703   Thumb Code    12  stm32f10x_tim.o(i.TIM_InternalClockConfig)
    TIM_SetCompare1                          0x0800170f   Thumb Code     4  stm32f10x_tim.o(i.TIM_SetCompare1)
    TIM_SetCompare2                          0x08001713   Thumb Code     4  stm32f10x_tim.o(i.TIM_SetCompare2)
    TIM_TimeBaseInit                         0x08001719   Thumb Code   122  stm32f10x_tim.o(i.TIM_TimeBaseInit)
    Timer_Init                               0x080017bd   Thumb Code   120  timer.o(i.Timer_Init)
    USART1_IRQHandler                        0x08001835   Thumb Code   122  usart.o(i.USART1_IRQHandler)
    USART1_Init                              0x080018bd   Thumb Code   166  usart.o(i.USART1_Init)
    USART_ClearFlag                          0x0800196d   Thumb Code    18  stm32f10x_usart.o(i.USART_ClearFlag)
    USART_Cmd                                0x0800197f   Thumb Code    24  stm32f10x_usart.o(i.USART_Cmd)
    USART_GetFlagStatus                      0x08001997   Thumb Code    26  stm32f10x_usart.o(i.USART_GetFlagStatus)
    USART_GetITStatus                        0x080019b1   Thumb Code    84  stm32f10x_usart.o(i.USART_GetITStatus)
    USART_ITConfig                           0x08001a05   Thumb Code    74  stm32f10x_usart.o(i.USART_ITConfig)
    USART_Init                               0x08001a51   Thumb Code   210  stm32f10x_usart.o(i.USART_Init)
    USART_ReceiveData                        0x08001b29   Thumb Code    10  stm32f10x_usart.o(i.USART_ReceiveData)
    USART_SendData                           0x08001b33   Thumb Code     8  stm32f10x_usart.o(i.USART_SendData)
    UsageFault_Handler                       0x08001b3b   Thumb Code     4  stm32f10x_it.o(i.UsageFault_Handler)
    __0printf$3                              0x08001b41   Thumb Code    22  printf3.o(i.__0printf$3)
    __1printf$3                              0x08001b41   Thumb Code     0  printf3.o(i.__0printf$3)
    __2printf                                0x08001b41   Thumb Code     0  printf3.o(i.__0printf$3)
    __scatterload_copy                       0x08001b61   Thumb Code    14  handlers.o(i.__scatterload_copy)
    __scatterload_null                       0x08001b6f   Thumb Code     2  handlers.o(i.__scatterload_null)
    __scatterload_zeroinit                   0x08001b71   Thumb Code    14  handlers.o(i.__scatterload_zeroinit)
    floor                                    0x08001d39   Thumb Code   204  floor.o(i.floor)
    fputc                                    0x08001e15   Thumb Code    32  usart.o(i.fputc)
    front_left_func                          0x08001e39   Thumb Code   134  freertos_action.o(i.front_left_func)
    front_right_func                         0x08001ec9   Thumb Code   140  freertos_action.o(i.front_right_func)
    main                                     0x08001f5d   Thumb Code   216  main.o(i.main)
    middle_left_func                         0x080020b9   Thumb Code   140  freertos_action.o(i.middle_left_func)
    middle_right_func                        0x0800214d   Thumb Code   142  freertos_action.o(i.middle_right_func)
    normal                                   0x080021e5   Thumb Code    56  action.o(i.normal)
    pvPortMalloc                             0x08002809   Thumb Code   262  heap_4.o(i.pvPortMalloc)
    pxPortInitialiseStack                    0x08002959   Thumb Code    30  port.o(i.pxPortInitialiseStack)
    rear_left_func                           0x0800297d   Thumb Code   142  freertos_action.o(i.rear_left_func)
    rear_right_func                          0x08002a15   Thumb Code   142  freertos_action.o(i.rear_right_func)
    setAngle                                 0x08002aad   Thumb Code    60  pca9685.o(i.setAngle)
    standnormal                              0x08002af5   Thumb Code    10  action.o(i.standnormal)
    uxListRemove                             0x08002b05   Thumb Code    40  list.o(i.uxListRemove)
    vListInitialise                          0x08002b2d   Thumb Code    26  list.o(i.vListInitialise)
    vListInitialiseItem                      0x08002b47   Thumb Code     6  list.o(i.vListInitialiseItem)
    vListInsert                              0x08002b4d   Thumb Code    52  list.o(i.vListInsert)
    vListInsertEnd                           0x08002b81   Thumb Code    24  list.o(i.vListInsertEnd)
    vPortEnterCritical                       0x08002b99   Thumb Code    68  port.o(i.vPortEnterCritical)
    vPortExitCritical                        0x08002c1d   Thumb Code    48  port.o(i.vPortExitCritical)
    vPortFree                                0x08002c89   Thumb Code   120  heap_4.o(i.vPortFree)
    vPortSetupTimerInterrupt                 0x08002d3d   Thumb Code    26  port.o(i.vPortSetupTimerInterrupt)
    vTaskDelay                               0x08002d5d   Thumb Code    72  tasks.o(i.vTaskDelay)
    vTaskDelete                              0x08002dd1   Thumb Code   192  tasks.o(i.vTaskDelete)
    vTaskMissedYield                         0x08002edd   Thumb Code     8  tasks.o(i.vTaskMissedYield)
    vTaskPlaceOnEventList                    0x08002ee9   Thumb Code    42  tasks.o(i.vTaskPlaceOnEventList)
    vTaskSetTimeOutState                     0x08002f3d   Thumb Code    32  tasks.o(i.vTaskSetTimeOutState)
    vTaskStartScheduler                      0x08002f89   Thumb Code    98  tasks.o(i.vTaskStartScheduler)
    vTaskSuspendAll                          0x0800302d   Thumb Code    12  tasks.o(i.vTaskSuspendAll)
    vTaskSwitchContext                       0x0800303d   Thumb Code   110  tasks.o(i.vTaskSwitchContext)
    xPortStartScheduler                      0x080030e5   Thumb Code   140  port.o(i.xPortStartScheduler)
    xPortSysTickHandler                      0x08003185   Thumb Code    46  port.o(i.xPortSysTickHandler)
    xQueueGenericReceive                     0x080031b9   Thumb Code   386  queue.o(i.xQueueGenericReceive)
    xQueueGenericSend                        0x08003365   Thumb Code   380  queue.o(i.xQueueGenericSend)
    xTaskCheckForTimeOut                     0x08003509   Thumb Code   116  tasks.o(i.xTaskCheckForTimeOut)
    xTaskCreate                              0x080035a9   Thumb Code    96  tasks.o(i.xTaskCreate)
    xTaskGetSchedulerState                   0x08003609   Thumb Code    24  tasks.o(i.xTaskGetSchedulerState)
    xTaskIncrementTick                       0x08003629   Thumb Code   272  tasks.o(i.xTaskIncrementTick)
    xTaskRemoveFromEventList                 0x08003789   Thumb Code   118  tasks.o(i.xTaskRemoveFromEventList)
    xTaskResumeAll                           0x0800383d   Thumb Code   214  tasks.o(i.xTaskResumeAll)
    body                                     0x0800395c   Data          16  action.o(.constdata)
    standAngle                               0x0800396c   Data          16  action.o(.constdata)
    Angle_Init                               0x0800397c   Data          16  action.o(.constdata)
    Region$$Table$$Base                      0x0800398c   Number         0  anon$$obj.o(Region$$Table)
    Region$$Table$$Limit                     0x080039ac   Number         0  anon$$obj.o(Region$$Table)
    SystemCoreClock                          0x20000014   Data           4  system_stm32f10x.o(.data)
    AHBPrescTable                            0x20000018   Data          16  system_stm32f10x.o(.data)
    USART1_RX_STA                            0x2000002c   Data           2  usart.o(.data)
    pxCurrentTCB                             0x20000030   Data           4  tasks.o(.data)
    MoveTemplete                             0x20000090   Data           4  action.o(.data)
    Alone_Servo                              0x20000094   Data           2  action.o(.data)
    AlternatingTripodGait_advanceLeft_Uplift 0x20000096   Data           6  action.o(.data)
    AlternatingTripodGait_advanceLeft_LayDown 0x2000009c   Data           6  action.o(.data)
    AlternatingTripodGait_advanceLeftMoveModule 0x200000a2   Data           6  action.o(.data)
    AlternatingTripodGait_advanceRight_Uplift 0x200000a8   Data           6  action.o(.data)
    AlternatingTripodGait_advanceRight_LayDown 0x200000ae   Data           6  action.o(.data)
    AlternatingTripodGait_advanceRightMoveModule 0x200000b4   Data           6  action.o(.data)
    SingleWalkMove_Module                    0x200000ba   Data          12  action.o(.data)
    SingleWalkMove_advance_Uplift            0x200000c6   Data          12  action.o(.data)
    SingleWalkMove_advance_LayDown           0x200000d2   Data          12  action.o(.data)
    CrouchUpMove_Module                      0x200000de   Data          10  action.o(.data)
    xMutex                                   0x200000e8   Data           4  freertos_action.o(.data)
    StartTaxk_Handle                         0x200000ec   Data           4  main.o(.data)
    front_left                               0x200000f0   Data           4  main.o(.data)
    front_right                              0x200000f4   Data           4  main.o(.data)
    middle_left                              0x200000f8   Data           4  main.o(.data)
    middle_right                             0x200000fc   Data           4  main.o(.data)
    rear_left                                0x20000100   Data           4  main.o(.data)
    rear_right                               0x20000104   Data           4  main.o(.data)
    KeyNum                                   0x20000108   Data           1  main.o(.data)
    __stdout                                 0x2000010c   Data           4  stdout.o(.data)
    USART1_RX_BUF                            0x20000110   Data         200  usart.o(.bss)
    Angle_Start                              0x200048bc   Data          16  main.o(.bss)
    __initial_sp                             0x20004cd0   Data           0  startup_stm32f10x_md.o(STACK)



==============================================================================

Memory Map of the image

  Image Entry point : 0x080000ed

  Load Region LR_IROM1 (Base: 0x08000000, Size: 0x00003abc, Max: 0x00010000, ABSOLUTE)

    Execution Region ER_IROM1 (Exec base: 0x08000000, Load base: 0x08000000, Size: 0x000039ac, Max: 0x00010000, ABSOLUTE)

    Exec Addr    Load Addr    Size         Type   Attr      Idx    E Section Name        Object

    0x08000000   0x08000000   0x000000ec   Data   RO            3    RESET               startup_stm32f10x_md.o
    0x080000ec   0x080000ec   0x00000000   Code   RO         2809  * .ARM.Collect$$$$00000000  mc_w.l(entry.o)
    0x080000ec   0x080000ec   0x00000004   Code   RO         3099    .ARM.Collect$$$$00000001  mc_w.l(entry2.o)
    0x080000f0   0x080000f0   0x00000004   Code   RO         3102    .ARM.Collect$$$$00000004  mc_w.l(entry5.o)
    0x080000f4   0x080000f4   0x00000000   Code   RO         3104    .ARM.Collect$$$$00000008  mc_w.l(entry7b.o)
    0x080000f4   0x080000f4   0x00000000   Code   RO         3106    .ARM.Collect$$$$0000000A  mc_w.l(entry8b.o)
    0x080000f4   0x080000f4   0x00000008   Code   RO         3107    .ARM.Collect$$$$0000000B  mc_w.l(entry9a.o)
    0x080000fc   0x080000fc   0x00000004   Code   RO         3114    .ARM.Collect$$$$0000000E  mc_w.l(entry12b.o)
    0x08000100   0x08000100   0x00000000   Code   RO         3109    .ARM.Collect$$$$0000000F  mc_w.l(entry10a.o)
    0x08000100   0x08000100   0x00000000   Code   RO         3111    .ARM.Collect$$$$00000011  mc_w.l(entry11a.o)
    0x08000100   0x08000100   0x00000004   Code   RO         3100    .ARM.Collect$$$$00002712  mc_w.l(entry2.o)
    0x08000104   0x08000104   0x00000096   Code   RO         2197    .emb_text           port.o
    0x0800019a   0x0800019a   0x00000002   PAD
    0x0800019c   0x0800019c   0x00000024   Code   RO            4    .text               startup_stm32f10x_md.o
    0x080001c0   0x080001c0   0x00000024   Code   RO         2812    .text               mc_w.l(memcpya.o)
    0x080001e4   0x080001e4   0x000000b0   Code   RO         3077    .text               mf_w.l(fadd.o)
    0x08000294   0x08000294   0x00000064   Code   RO         3079    .text               mf_w.l(fmul.o)
    0x080002f8   0x080002f8   0x0000007c   Code   RO         3081    .text               mf_w.l(fdiv.o)
    0x08000374   0x08000374   0x0000014e   Code   RO         3083    .text               mf_w.l(dadd.o)
    0x080004c2   0x080004c2   0x000000e4   Code   RO         3085    .text               mf_w.l(dmul.o)
    0x080005a6   0x080005a6   0x000000de   Code   RO         3087    .text               mf_w.l(ddiv.o)
    0x08000684   0x08000684   0x0000000a   Code   RO         3089    .text               mf_w.l(ffltui.o)
    0x0800068e   0x0800068e   0x0000001a   Code   RO         3091    .text               mf_w.l(dfltui.o)
    0x080006a8   0x080006a8   0x00000028   Code   RO         3093    .text               mf_w.l(ffixui.o)
    0x080006d0   0x080006d0   0x00000032   Code   RO         3095    .text               mf_w.l(dfixui.o)
    0x08000702   0x08000702   0x00000026   Code   RO         3097    .text               mf_w.l(f2d.o)
    0x08000728   0x08000728   0x0000002c   Code   RO         3116    .text               mc_w.l(uidiv.o)
    0x08000754   0x08000754   0x0000001e   Code   RO         3120    .text               mc_w.l(llshl.o)
    0x08000772   0x08000772   0x00000020   Code   RO         3122    .text               mc_w.l(llushr.o)
    0x08000792   0x08000792   0x00000024   Code   RO         3124    .text               mc_w.l(llsshr.o)
    0x080007b6   0x080007b6   0x00000000   Code   RO         3126    .text               mc_w.l(iusefp.o)
    0x080007b6   0x080007b6   0x0000006e   Code   RO         3127    .text               mf_w.l(fepilogue.o)
    0x08000824   0x08000824   0x000000ba   Code   RO         3129    .text               mf_w.l(depilogue.o)
    0x080008de   0x080008de   0x00000002   PAD
    0x080008e0   0x080008e0   0x00000030   Code   RO         3133    .text               mf_w.l(cdrcmple.o)
    0x08000910   0x08000910   0x00000024   Code   RO         3135    .text               mc_w.l(init.o)
    0x08000934   0x08000934   0x00000004   Code   RO         2741    i.BusFault_Handler  stm32f10x_it.o
    0x08000938   0x08000938   0x00000002   Code   RO         2742    i.DebugMon_Handler  stm32f10x_it.o
    0x0800093a   0x0800093a   0x00000002   PAD
    0x0800093c   0x0800093c   0x00000040   Code   RO         1429    i.Delay_ms          systick.o
    0x0800097c   0x0800097c   0x00000048   Code   RO         1430    i.Delay_us          systick.o
    0x080009c4   0x080009c4   0x00000116   Code   RO           16    i.GPIO_Init         stm32f10x_gpio.o
    0x08000ada   0x08000ada   0x0000000a   Code   RO           27    i.GPIO_WriteBit     stm32f10x_gpio.o
    0x08000ae4   0x08000ae4   0x00000004   Code   RO         2743    i.HardFault_Handler  stm32f10x_it.o
    0x08000ae8   0x08000ae8   0x00000050   Code   RO         2494    i.IIC_Ack           myiic.o
    0x08000b38   0x08000b38   0x00000040   Code   RO         2495    i.IIC_Init          myiic.o
    0x08000b78   0x08000b78   0x00000050   Code   RO         2496    i.IIC_NAck          myiic.o
    0x08000bc8   0x08000bc8   0x00000070   Code   RO         2497    i.IIC_Read_Byte     myiic.o
    0x08000c38   0x08000c38   0x00000068   Code   RO         2498    i.IIC_Send_Byte     myiic.o
    0x08000ca0   0x08000ca0   0x0000004c   Code   RO         2499    i.IIC_Start         myiic.o
    0x08000cec   0x08000cec   0x0000004c   Code   RO         2500    i.IIC_Stop          myiic.o
    0x08000d38   0x08000d38   0x00000068   Code   RO         2501    i.IIC_Wait_Ack      myiic.o
    0x08000da0   0x08000da0   0x00000004   Code   RO         2744    i.MemManage_Handler  stm32f10x_it.o
    0x08000da4   0x08000da4   0x00000002   Code   RO         2745    i.NMI_Handler       stm32f10x_it.o
    0x08000da6   0x08000da6   0x00000002   PAD
    0x08000da8   0x08000da8   0x00000070   Code   RO          411    i.NVIC_Init         misc.o
    0x08000e18   0x08000e18   0x00000014   Code   RO          412    i.NVIC_PriorityGroupConfig  misc.o
    0x08000e2c   0x08000e2c   0x0000002a   Code   RO         1291    i.OLED_Clear        oled.o
    0x08000e56   0x08000e56   0x00000002   PAD
    0x08000e58   0x08000e58   0x00000050   Code   RO         1292    i.OLED_I2C_Init     oled.o
    0x08000ea8   0x08000ea8   0x00000054   Code   RO         1293    i.OLED_I2C_SendByte  oled.o
    0x08000efc   0x08000efc   0x00000034   Code   RO         1294    i.OLED_I2C_Start    oled.o
    0x08000f30   0x08000f30   0x00000028   Code   RO         1295    i.OLED_I2C_Stop     oled.o
    0x08000f58   0x08000f58   0x000000ae   Code   RO         1296    i.OLED_Init         oled.o
    0x08001006   0x08001006   0x00000022   Code   RO         1298    i.OLED_SetCursor    oled.o
    0x08001028   0x08001028   0x00000020   Code   RO         1305    i.OLED_WriteCommand  oled.o
    0x08001048   0x08001048   0x00000020   Code   RO         1306    i.OLED_WriteData    oled.o
    0x08001068   0x08001068   0x000000fc   Code   RO         2551    i.PCA9685_Init      pca9685.o
    0x08001164   0x08001164   0x00000044   Code   RO         2552    i.PCA9685_Read      pca9685.o
    0x080011a8   0x080011a8   0x0000002e   Code   RO         2553    i.PCA9685_Write     pca9685.o
    0x080011d6   0x080011d6   0x00000002   PAD
    0x080011d8   0x080011d8   0x000000ac   Code   RO         2554    i.PCA9685_setFreq   pca9685.o
    0x08001284   0x08001284   0x00000056   Code   RO         2555    i.PCA9685_setPWM    pca9685.o
    0x080012da   0x080012da   0x00000010   Code   RO         2601    i.PWM_SetCompare1   pwm.o
    0x080012ea   0x080012ea   0x00000010   Code   RO         2602    i.PWM_SetCompare2   pwm.o
    0x080012fa   0x080012fa   0x00000002   PAD
    0x080012fc   0x080012fc   0x00000020   Code   RO          213    i.RCC_APB1PeriphClockCmd  stm32f10x_rcc.o
    0x0800131c   0x0800131c   0x00000020   Code   RO          215    i.RCC_APB2PeriphClockCmd  stm32f10x_rcc.o
    0x0800133c   0x0800133c   0x000000d4   Code   RO          223    i.RCC_GetClocksFreq  stm32f10x_rcc.o
    0x08001410   0x08001410   0x0000003c   Code   RO         2624    i.ServoLegLeft_SetAngle  servo.o
    0x0800144c   0x0800144c   0x0000003c   Code   RO         2625    i.ServoLegRight_SetAngle  servo.o
    0x08001488   0x08001488   0x00000008   Code   RO         1229    i.SetSysClock       system_stm32f10x.o
    0x08001490   0x08001490   0x000000e0   Code   RO         1230    i.SetSysClockTo72   system_stm32f10x.o
    0x08001570   0x08001570   0x00000020   Code   RO         2792    i.Start_Init        starrt_init.o
    0x08001590   0x08001590   0x00000028   Code   RO          415    i.SysTick_CLKSourceConfig  misc.o
    0x080015b8   0x080015b8   0x00000010   Code   RO         2746    i.SysTick_Handler   stm32f10x_it.o
    0x080015c8   0x080015c8   0x0000005c   Code   RO         1432    i.SysTick_Init      systick.o
    0x08001624   0x08001624   0x00000060   Code   RO         1232    i.SystemInit        system_stm32f10x.o
    0x08001684   0x08001684   0x00000026   Code   RO         1402    i.TIM2_IQRHandler   timer.o
    0x080016aa   0x080016aa   0x00000006   Code   RO          511    i.TIM_ClearFlag     stm32f10x_tim.o
    0x080016b0   0x080016b0   0x00000006   Code   RO          512    i.TIM_ClearITPendingBit  stm32f10x_tim.o
    0x080016b6   0x080016b6   0x00000018   Code   RO          517    i.TIM_Cmd           stm32f10x_tim.o
    0x080016ce   0x080016ce   0x00000022   Code   RO          538    i.TIM_GetITStatus   stm32f10x_tim.o
    0x080016f0   0x080016f0   0x00000012   Code   RO          542    i.TIM_ITConfig      stm32f10x_tim.o
    0x08001702   0x08001702   0x0000000c   Code   RO          544    i.TIM_InternalClockConfig  stm32f10x_tim.o
    0x0800170e   0x0800170e   0x00000004   Code   RO          578    i.TIM_SetCompare1   stm32f10x_tim.o
    0x08001712   0x08001712   0x00000004   Code   RO          579    i.TIM_SetCompare2   stm32f10x_tim.o
    0x08001716   0x08001716   0x00000002   PAD
    0x08001718   0x08001718   0x000000a4   Code   RO          588    i.TIM_TimeBaseInit  stm32f10x_tim.o
    0x080017bc   0x080017bc   0x00000078   Code   RO         1403    i.Timer_Init        timer.o
    0x08001834   0x08001834   0x00000088   Code   RO         1502    i.USART1_IRQHandler  usart.o
    0x080018bc   0x080018bc   0x000000b0   Code   RO         1503    i.USART1_Init       usart.o
    0x0800196c   0x0800196c   0x00000012   Code   RO         1049    i.USART_ClearFlag   stm32f10x_usart.o
    0x0800197e   0x0800197e   0x00000018   Code   RO         1053    i.USART_Cmd         stm32f10x_usart.o
    0x08001996   0x08001996   0x0000001a   Code   RO         1056    i.USART_GetFlagStatus  stm32f10x_usart.o
    0x080019b0   0x080019b0   0x00000054   Code   RO         1057    i.USART_GetITStatus  stm32f10x_usart.o
    0x08001a04   0x08001a04   0x0000004a   Code   RO         1059    i.USART_ITConfig    stm32f10x_usart.o
    0x08001a4e   0x08001a4e   0x00000002   PAD
    0x08001a50   0x08001a50   0x000000d8   Code   RO         1060    i.USART_Init        stm32f10x_usart.o
    0x08001b28   0x08001b28   0x0000000a   Code   RO         1067    i.USART_ReceiveData  stm32f10x_usart.o
    0x08001b32   0x08001b32   0x00000008   Code   RO         1070    i.USART_SendData    stm32f10x_usart.o
    0x08001b3a   0x08001b3a   0x00000004   Code   RO         2747    i.UsageFault_Handler  stm32f10x_it.o
    0x08001b3e   0x08001b3e   0x00000002   PAD
    0x08001b40   0x08001b40   0x00000020   Code   RO         2905    i.__0printf$3       mc_w.l(printf3.o)
    0x08001b60   0x08001b60   0x0000000e   Code   RO         3139    i.__scatterload_copy  mc_w.l(handlers.o)
    0x08001b6e   0x08001b6e   0x00000002   Code   RO         3140    i.__scatterload_null  mc_w.l(handlers.o)
    0x08001b70   0x08001b70   0x0000000e   Code   RO         3141    i.__scatterload_zeroinit  mc_w.l(handlers.o)
    0x08001b7e   0x08001b7e   0x00000002   PAD
    0x08001b80   0x08001b80   0x000001b8   Code   RO         2912    i._printf_core      mc_w.l(printf3.o)
    0x08001d38   0x08001d38   0x000000dc   Code   RO         2806    i.floor             m_ws.l(floor.o)
    0x08001e14   0x08001e14   0x00000024   Code   RO         1504    i.fputc             usart.o
    0x08001e38   0x08001e38   0x00000090   Code   RO         2421    i.front_left_func   freertos_action.o
    0x08001ec8   0x08001ec8   0x00000094   Code   RO         2422    i.front_right_func  freertos_action.o
    0x08001f5c   0x08001f5c   0x0000015c   Code   RO         2669    i.main              main.o
    0x080020b8   0x080020b8   0x00000094   Code   RO         2423    i.middle_left_func  freertos_action.o
    0x0800214c   0x0800214c   0x00000098   Code   RO         2424    i.middle_right_func  freertos_action.o
    0x080021e4   0x080021e4   0x00000040   Code   RO         2281    i.normal            action.o
    0x08002224   0x08002224   0x00000098   Code   RO         1858    i.prvAddCurrentTaskToDelayedList  tasks.o
    0x080022bc   0x080022bc   0x000000b4   Code   RO         1859    i.prvAddNewTaskToReadyList  tasks.o
    0x08002370   0x08002370   0x00000064   Code   RO         1860    i.prvCheckTasksWaitingTermination  tasks.o
    0x080023d4   0x080023d4   0x0000002a   Code   RO         1710    i.prvCopyDataFromQueue  queue.o
    0x080023fe   0x080023fe   0x0000006a   Code   RO         1711    i.prvCopyDataToQueue  queue.o
    0x08002468   0x08002468   0x00000012   Code   RO         1861    i.prvDeleteTCB      tasks.o
    0x0800247a   0x0800247a   0x00000002   PAD
    0x0800247c   0x0800247c   0x0000007c   Code   RO         2148    i.prvHeapInit       heap_4.o
    0x080024f8   0x080024f8   0x00000028   Code   RO         1862    i.prvIdleTask       tasks.o
    0x08002520   0x08002520   0x000000c0   Code   RO         1863    i.prvInitialiseNewTask  tasks.o
    0x080025e0   0x080025e0   0x00000068   Code   RO         1864    i.prvInitialiseTaskLists  tasks.o
    0x08002648   0x08002648   0x00000068   Code   RO         2149    i.prvInsertBlockIntoFreeList  heap_4.o
    0x080026b0   0x080026b0   0x0000001a   Code   RO         1713    i.prvIsQueueEmpty   queue.o
    0x080026ca   0x080026ca   0x0000001e   Code   RO         1714    i.prvIsQueueFull    queue.o
    0x080026e8   0x080026e8   0x00000034   Code   RO         1865    i.prvResetNextTaskUnblockTime  tasks.o
    0x0800271c   0x0800271c   0x0000006c   Code   RO         2198    i.prvTaskExitError  port.o
    0x08002788   0x08002788   0x0000007e   Code   RO         1715    i.prvUnlockQueue    queue.o
    0x08002806   0x08002806   0x00000002   PAD
    0x08002808   0x08002808   0x00000150   Code   RO         2150    i.pvPortMalloc      heap_4.o
    0x08002958   0x08002958   0x00000024   Code   RO         2199    i.pxPortInitialiseStack  port.o
    0x0800297c   0x0800297c   0x00000098   Code   RO         2425    i.rear_left_func    freertos_action.o
    0x08002a14   0x08002a14   0x00000098   Code   RO         2426    i.rear_right_func   freertos_action.o
    0x08002aac   0x08002aac   0x00000048   Code   RO         2556    i.setAngle          pca9685.o
    0x08002af4   0x08002af4   0x00000010   Code   RO         2282    i.standnormal       action.o
    0x08002b04   0x08002b04   0x00000028   Code   RO         1673    i.uxListRemove      list.o
    0x08002b2c   0x08002b2c   0x0000001a   Code   RO         1674    i.vListInitialise   list.o
    0x08002b46   0x08002b46   0x00000006   Code   RO         1675    i.vListInitialiseItem  list.o
    0x08002b4c   0x08002b4c   0x00000034   Code   RO         1676    i.vListInsert       list.o
    0x08002b80   0x08002b80   0x00000018   Code   RO         1677    i.vListInsertEnd    list.o
    0x08002b98   0x08002b98   0x00000084   Code   RO         2201    i.vPortEnterCritical  port.o
    0x08002c1c   0x08002c1c   0x0000006c   Code   RO         2202    i.vPortExitCritical  port.o
    0x08002c88   0x08002c88   0x000000b4   Code   RO         2151    i.vPortFree         heap_4.o
    0x08002d3c   0x08002d3c   0x00000020   Code   RO         2203    i.vPortSetupTimerInterrupt  port.o
    0x08002d5c   0x08002d5c   0x00000074   Code   RO         1872    i.vTaskDelay        tasks.o
    0x08002dd0   0x08002dd0   0x0000010c   Code   RO         1874    i.vTaskDelete       tasks.o
    0x08002edc   0x08002edc   0x0000000c   Code   RO         1876    i.vTaskMissedYield  tasks.o
    0x08002ee8   0x08002ee8   0x00000054   Code   RO         1878    i.vTaskPlaceOnEventList  tasks.o
    0x08002f3c   0x08002f3c   0x0000004c   Code   RO         1882    i.vTaskSetTimeOutState  tasks.o
    0x08002f88   0x08002f88   0x000000a4   Code   RO         1883    i.vTaskStartScheduler  tasks.o
    0x0800302c   0x0800302c   0x00000010   Code   RO         1885    i.vTaskSuspendAll   tasks.o
    0x0800303c   0x0800303c   0x000000a8   Code   RO         1886    i.vTaskSwitchContext  tasks.o
    0x080030e4   0x080030e4   0x000000a0   Code   RO         2205    i.xPortStartScheduler  port.o
    0x08003184   0x08003184   0x00000034   Code   RO         2206    i.xPortSysTickHandler  port.o
    0x080031b8   0x080031b8   0x000001ac   Code   RO         1723    i.xQueueGenericReceive  queue.o
    0x08003364   0x08003364   0x000001a4   Code   RO         1725    i.xQueueGenericSend  queue.o
    0x08003508   0x08003508   0x000000a0   Code   RO         1887    i.xTaskCheckForTimeOut  tasks.o
    0x080035a8   0x080035a8   0x00000060   Code   RO         1888    i.xTaskCreate       tasks.o
    0x08003608   0x08003608   0x00000020   Code   RO         1891    i.xTaskGetSchedulerState  tasks.o
    0x08003628   0x08003628   0x00000160   Code   RO         1894    i.xTaskIncrementTick  tasks.o
    0x08003788   0x08003788   0x000000b4   Code   RO         1897    i.xTaskRemoveFromEventList  tasks.o
    0x0800383c   0x0800383c   0x00000120   Code   RO         1899    i.xTaskResumeAll    tasks.o
    0x0800395c   0x0800395c   0x00000030   Data   RO         2283    .constdata          action.o
    0x0800398c   0x0800398c   0x00000020   Data   RO         3137    Region$$Table       anon$$obj.o


    Execution Region RW_IRAM1 (Exec base: 0x20000000, Load base: 0x080039ac, Size: 0x00004cd0, Max: 0x00005000, ABSOLUTE)

    Exec Addr    Load Addr    Size         Type   Attr      Idx    E Section Name        Object

    0x20000000   0x080039ac   0x00000014   Data   RW          243    .data               stm32f10x_rcc.o
    0x20000014   0x080039c0   0x00000014   Data   RW         1233    .data               system_stm32f10x.o
    0x20000028   0x080039d4   0x00000004   Data   RW         1433    .data               systick.o
    0x2000002c   0x080039d8   0x00000002   Data   RW         1506    .data               usart.o
    0x2000002e   0x080039da   0x00000002   PAD
    0x20000030   0x080039dc   0x0000003c   Data   RW         1902    .data               tasks.o
    0x2000006c   0x08003a18   0x00000018   Data   RW         2156    .data               heap_4.o
    0x20000084   0x08003a30   0x0000000c   Data   RW         2207    .data               port.o
    0x20000090   0x08003a3c   0x00000058   Data   RW         2284    .data               action.o
    0x200000e8   0x08003a94   0x00000004   Data   RW         2427    .data               freertos_action.o
    0x200000ec   0x08003a98   0x0000001d   Data   RW         2671    .data               main.o
    0x20000109   0x08003ab5   0x00000003   PAD
    0x2000010c   0x08003ab8   0x00000004   Data   RW         3115    .data               mc_w.l(stdout.o)
    0x20000110        -       0x000000c8   Zero   RW         1505    .bss                usart.o
    0x200001d8        -       0x000002e4   Zero   RW         1901    .bss                tasks.o
    0x200004bc        -       0x00004400   Zero   RW         2155    .bss                heap_4.o
    0x200048bc        -       0x00000010   Zero   RW         2670    .bss                main.o
    0x200048cc   0x08003abc   0x00000004   PAD
    0x200048d0        -       0x00000400   Zero   RW            1    STACK               startup_stm32f10x_md.o


==============================================================================

Image component sizes


      Code (inc. data)   RO Data    RW Data    ZI Data      Debug   Object Name

        80         14         48         88          0       2971   action.o
         0          0          0          0          0       9372   event_groups.o
       896         56          0          4          0       5580   freertos_action.o
       744        168          0         24      17408       3775   heap_4.o
       148          0          0          0          0       2966   list.o
       348        132          0         29         16       1686   main.o
       172         22          0          0          0       2201   misc.o
       696        108          0          0          0       4054   myiic.o
       570         16          0          0          0       4556   oled.o
       696         38          0          0          0       3624   pca9685.o
       778        234          0         12          0       9496   port.o
        32          0          0          0          0        964   pwm.o
      1178         82          0          0          0       9395   queue.o
       120         24          0          0          0       1033   servo.o
        32         10          0          0          0        473   starrt_init.o
        36          8        236          0       1024        800   startup_stm32f10x_md.o
       288          0          0          0          0     254208   stm32f10x_gpio.o
        36          0          0          0          0       2963   stm32f10x_it.o
       276         32          0         20          0       4586   stm32f10x_rcc.o
       272         42          0          0          0       6004   stm32f10x_tim.o
       460          6          0          0          0       7019   stm32f10x_usart.o
       328         28          0         20          0       2209   system_stm32f10x.o
       228         24          0          4          0      11857   systick.o
      2850        768          0         60        740      25156   tasks.o
       158          0          0          0          0       1051   timer.o
       348         28          0          2        200       3536   usart.o

    ----------------------------------------------------------------------
     11792       1840        316        268      19392     381535   Object Totals
         0          0         32          0          0          0   (incl. Generated)
        22          0          0          5          4          0   (incl. Padding)

    ----------------------------------------------------------------------

      Code (inc. data)   RO Data    RW Data    ZI Data      Debug   Library Member Name

       220         16          0          0          0         84   floor.o
         0          0          0          0          0          0   entry.o
         0          0          0          0          0          0   entry10a.o
         0          0          0          0          0          0   entry11a.o
         4          0          0          0          0          0   entry12b.o
         8          4          0          0          0          0   entry2.o
         4          0          0          0          0          0   entry5.o
         0          0          0          0          0          0   entry7b.o
         0          0          0          0          0          0   entry8b.o
         8          4          0          0          0          0   entry9a.o
        30          0          0          0          0          0   handlers.o
        36          8          0          0          0         68   init.o
         0          0          0          0          0          0   iusefp.o
        30          0          0          0          0         68   llshl.o
        36          0          0          0          0         68   llsshr.o
        32          0          0          0          0         68   llushr.o
        36          0          0          0          0         68   memcpya.o
       472         14          0          0          0        184   printf3.o
         0          0          0          4          0          0   stdout.o
        44          0          0          0          0         80   uidiv.o
        48          0          0          0          0         68   cdrcmple.o
       334          0          0          0          0        148   dadd.o
       222          0          0          0          0        100   ddiv.o
       186          0          0          0          0        176   depilogue.o
        50          0          0          0          0         76   dfixui.o
        26          0          0          0          0         76   dfltui.o
       228          0          0          0          0         96   dmul.o
        38          0          0          0          0         68   f2d.o
       176          0          0          0          0        140   fadd.o
       124          0          0          0          0         88   fdiv.o
       110          0          0          0          0        168   fepilogue.o
        40          0          0          0          0         68   ffixui.o
        10          0          0          0          0         68   ffltui.o
       100          0          0          0          0         76   fmul.o

    ----------------------------------------------------------------------
      2656         46          0          4          0       2104   Library Totals
         4          0          0          0          0          0   (incl. Padding)

    ----------------------------------------------------------------------

      Code (inc. data)   RO Data    RW Data    ZI Data      Debug   Library Name

       220         16          0          0          0         84   m_ws.l
       740         30          0          4          0        604   mc_w.l
      1692          0          0          0          0       1416   mf_w.l

    ----------------------------------------------------------------------
      2656         46          0          4          0       2104   Library Totals

    ----------------------------------------------------------------------

==============================================================================


      Code (inc. data)   RO Data    RW Data    ZI Data      Debug   

     14448       1886        316        272      19392     376355   Grand Totals
     14448       1886        316        272      19392     376355   ELF Image Totals
     14448       1886        316        272          0          0   ROM Totals

==============================================================================

    Total RO  Size (Code + RO Data)                14764 (  14.42kB)
    Total RW  Size (RW Data + ZI Data)             19664 (  19.20kB)
    Total ROM Size (Code + RO Data + RW Data)      15036 (  14.68kB)

==============================================================================

